Answer: 
( ( -1533.62 = -1502.38 + -31.25 ) , ((((.(((.(((..((((((.(((((.(((......))).))))))))))).....))).))))))) )
( ( -1533.62 = -1502.38 + -31.25 ) , (((.((((.(((..((((((.(((((.(((......))).))))))))))).....))).))))))) )
