Answer: 
( ( -1183.78 = -861.556 + -322.222 ) , ((((..(((((.......................((((....(((((((.....................(((..........)))...............(((......)))................))))))).....)))).....................((........)).)))))...))))...............................................................((((((((.......)..)))))))....... )
