Answer: 
( ( -3565.2 = -3396.2 + -169 ) , ..((((((........))))))......................(((((......(((((....)))))......)))))......................................................((((((((....))))))))....................... )
