Answer: 
( ( -377.4 = -454.4 + 77 ) , ((((((((........................(((((........)))))((((.....)))).......................))...)))))) )
