Answer: 
( ( -671.6 = -633.6 + -38 ) , .((((..((..((((.......((((..............))))....))))....))....)))).........((((.(((..(((.....((.(((......................))).))......)))..)))))))....... )
