Answer: 
( ( -3938.49 = -3622.44 + -316.049 ) , ..............(((..((((((((.....................)))))))).....((.(((....)))))..))).((((........(((((((...((((............)))).))))))).........))))...... )
