Answer: 
( ( -2254 = -2085 + -169 ) , ..((((((........))))))......................(((((......(((((....)))))......)))))......................................................((((((((....))))))))....................... )
