Answer: 
( ( -2487.7 = -2425.7 + -62 ) , .((((..((..((((.......((((..............))))....))))....))....)))).........((((.(((.((((.....((.(((......................))).))......))).))))))))....... )
