Answer: 
( ( -3063 = -2740.78 + -322.222 ) , ((((..(((((.......................((((....(((((((.....................(((..........)))...............(((......)))................))))))).....)))).....................((........)).)))))...))))...............................................................((((((((.......)..)))))))....... )
