Answer: 
( ( -1762.57 = -1483.56 + -279.012 ) , ................(((((((((((.....................)))))))).........)))..........................(((((((...((((............)))).)))))))................... )
