Answer: 
( ( -1257 = -1342 + 85 ) , ((((((((...(((..................(((((........)))))((((.....)))).................)))...))...)))))) )
