Answer: 
( ( -3781.4 = -3777.4 + -4 ) , .......(((((((((((.......)))))...((((((((.(((((..(((.....)))..))))).)))))))))))))).........................(((((........((((((.((((.(((((.......))))).....)))))))))).........)))))....... )
