Answer: 
( ( -3361.8 = -3357.8 + -4 ) , .......(((((((((((.......))))))..((((((((.(((((..(((.....)))..))))).)))))))).)))))..........................(((((.......((((((.((((.(((((.......))))).....)))))))))).......)))))......... )
