Answer: 
( ( -6062.6 = -6034.6 + -28 ) , .......(((((((((.(.......)..(((.(((((((((.(((((..(((.....)))..))))).)))))).))).)))......)))))...............(((((.......((((((.((((.(((((.......))))).....)))))))))).......)))))....)))). )
