Answer: 
( ( -559.198 = -608.889 + 49.6914 ) , (((((((.................................((((......)))).((......)).....................))))))) )
