Answer: 
( ( -380.4 = -457.4 + 77 ) , ((((((((........................(((((........)))))((((.....)))).......................))...)))))) )
