Answer: 
( ( -2818.62 = -2787.38 + -31.25 ) , ((((.(((.(((..((((((.(((((.(((......))).))))))))))).....))).))))))) )
( ( -2818.62 = -2787.38 + -31.25 ) , (((.((((.(((..((((((.(((((.(((......))).))))))))))).....))).))))))) )
