Answer: 
( ( -2485.7 = -2423.7 + -62 ) , .((((..((..((((.......((((..............))))....))))....))....)))).........((((.(((.((((.....((.(((......................))).))......))).))))))))....... )
