Answer: 
( ( -1625.96 = -1632.44 + 6.48148 ) , (((((((......................((((..((...((((......)))).....))..))))....((((......)))).))))))) )
