Answer: 
( ( (-4840, <0, 328>, <0, 0>) , [[[]][[[[[[[[]]]][[[[[]]]][]]]][]]]] ) , ......................((((((....(((((((...(((((((.....))))))).)))))))...(((((.(((.((((((((((.....(((((...(((((((((....))).)).)))).))))).........((((((((...((((((((....(((((.....((((((.....))))))..))))))).)))))).....((((....))))....................)))))))).....)))))).))))...............((((((((....)))))))).....))).)))))..)))))).. )
( ( (-4840, <0, 328>, <0, 0>) , [[[]][[[[[[[[]]]][[[[[]]]][]]]][]]]] ) , ......................((((((....(((((((...(((((((.....))))))).)))))))...(((((.(((.((((((((((.....(((((...(((((((((....))).)).)))).))))).........((((((((...((((((((....(((((.....((((((.....))))))..)))))))).))))).....((((....))))....................)))))))).....)))))).))))...............((((((((....)))))))).....))).)))))..)))))).. )
( ( (-4840, <0, 328>, <0, 0>) , [[[]][[[[[[[[]]]][[[[[]]]][]]]][]]]] ) , ......................((((((....(((((((...(((((((.....))))))).)))))))...(((((.(((.((((((((((.....(((((...(((((((((....))).)).)))).))))).........((((((((...((((((((....(((((.....((((((.....))))))..))))))).)))))).....((((....))))....................)))))))).....))))))).)))...............((((((((....)))))))).....))).)))))..)))))).. )
( ( (-4840, <0, 328>, <0, 0>) , [[[]][[[[[[[[]]]][[[[[]]]][]]]][]]]] ) , ......................((((((....(((((((...(((((((.....))))))).)))))))...(((((.(((.((((((((((.....(((((...(((((((((....))).)).)))).))))).........((((((((...((((((((....(((((.....((((((.....))))))..)))))))).))))).....((((....))))....................)))))))).....))))))).)))...............((((((((....)))))))).....))).)))))..)))))).. )
