Answer: 
( 1.21844e+53 , ( ( [][[_[]_][[_[[_[[[_[_[_[[[]_]_]]]][[[[_[_[]_]]_][]]_]]_]_][_[_[]_]]]_]_]] , (-11476, <0, 16>, <0, 0>) ) , .....((.......))......((((((.....((((((...(((((((.....))))))).))))))...((((((.(((.((((((((((.((((.(((.((.(((((((((....))).)).))))))))))))).......(((((((((.((((((((....(((((.....((((((.....))))))..))))))).))))))....((....))......................))).))))))......))))))).)))..))....(.((...((((((((....))))))))..)))..).))))).))))))).. ) )
( 1.21844e+53 , ( ( [][[_[_[]]][[[[_[_[_[[[]_]_]]]][[[_[_[]_]_]_][]]]_][_[_[]_]_]]] , (-12144, <0, 16>, <0, 0>) ) , .....(((.....)))......((((((....(((((((.((.((((((.....)))))))))))))))...((((......((((((((((.(((.((((.((.(((((((((....))).)).)))))))))))))......((((((((...(((((((.....(((((.....((((((.....))))))..))))).)).))))).....((((....))))....................)))))))).....))))))).)))..(((...((.....((((((((....))))))))...)).))).))))..)))))).. ) )
( 1.21844e+53 , ( ( [][[_[]_][[[[_[_[_[[[]_]_]]]][[[_[_[]_]]_][_[[]_]_]]]_][_[_[_[]_]_]_]]] , (-11659, <0, 16>, <0, 0>) ) , .....(((.....)))......((((((.....((((((...(((((((.....))))))).))))))....(((.......((((((((((.((((.((((.(.(((((((((....))).)).)))))))))))))......((((((((......(((((....(((((.....((((((.....))))))..))))))).)))..((((..(((......).))...))))............)))))))).....))))))).)))..(((...((...(.((((((((....)))))))).).)).)))..)))..)))))).. ) )
( 1.21844e+53 , ( ( [][[_[]_][_[[_[[[_[_[_[[[]_]_]]]][[[_[_[]_]]_][_[]]]]_]][_[]_]]_]] , (-12007, <0, 16>, <0, 0>) ) , .....(((.....)))......((((((....(((((((...(((((((.....))))))).))))))).(.(((((...(.((((((((((.((((.((((.(.((((((((......)).)).)))))))))))))......((((((((...((((((((....(((((.....((((((.....))))))..)))))))).))))).....((.((............))))...........)))))))).....)))))).))))).......((.....((((((((....))))))))...))..))))).)..)))))).. ) )
( 1.21844e+53 , ( ( [_[]_][[_[_[_[_[_[[_[_[]_]_][[_[_[[[]_]_]]][[[_[_[]_]]_][]]]]]_]_]_]_][_[_[_[]_]_]_]] , (-11810, <0, 18>, <0, 0>) ) , ...(.(((.....))).)....(((((.((((((...(((((...(...((..((((.((((((((.((..(((....))).))...)))).((((..(((.((.(((((((((....))).)).))))))))).............(((((((.((((((((....(((((.....((((((.....))))))..)))))))).)))))....((....)))))))))))))...))))))))..))..).))))).)))))).(((((...(((...((.....(((((((......)))))))...)).)))..))))).))))).. ) )
( 1.21844e+53 , ( ( [[]_][[[_[[]_]_][_[[[[[_[[[]_]_]_]_][[[_[_[]_]]_][]]]_][_[_[_[]_]]_]]]]_] , (-11064, <0, 18>, <0, 0>) ) , ....(((.......)).)....(((((((....((((((...(((((((....)).))))).))))))....((((.(....((((((((((....((((((...(((((((((....))).)).)))).)))).)).......((((((((...((((((((....(((((.....(((((.......)))))..))))))).)))))).....((........................))....)))))))).....)))))).))))..(((...((..((.((((((((....)))))))).)))).))))))))).)))))).. ) )
( 1.21844e+53 , ( ( [][[[_[]_][_[[[[_[_[_[[[]_]_]]]][[[_[_[]_]_]_][_[]]]]_][_[]_]]_]]_] , (-11754, <0, 16>, <0, 0>) ) , .....(((.....)))......(((((((...(((((((...(((((((.....))))))).)))))))...(((((..(..((((((((((.((((.(((.((.(((((((((....))).)).)))))))))))))......((((((((...((((((((.....((((.....((((((.....))))))..)))).)).)))))).....((.((............))))...........)))))))).....)))))).)))).............(.(((((((......))))))).)....)..)))))))).)))).. ) )
( 1.21844e+53 , ( ( [_[]_][_[[_[]_][[_[[[_[_[_[[[]_]_]]]][[[[_[_[]_]]_][_[]_]]_]]_]_][_[_[]_]]]]] , (-11769, <0, 18>, <0, 0>) ) , ...(.(((.....))).)....((((((.(((.((((((...(((((((.....))))))).))))))....(((((..((.((((((((((.(((.(((((.(.(((((((((....))).)).)))))))))))))......(((((((((...(((((((....(((((.....((((((.....))))))..)))))))).))))((((..((((....))))....))))..........).)))))))).....)))))).))))....))..(.((...(((((((......)))))))..)))..))))).))))))))).. ) )
( 1.21844e+53 , ( ( [][[_[[_[_[]]][[_[[[_[_[_[[[]_]_]]]][[[_[_[]_]]_][_[]]]]_]_][_[_[]_]_]]]]_] , (-12231, <0, 16>, <0, 0>) ) , .....(((.....)))......(((((((.(.(((((((.(.((((((((...))))))))))))))))...(((((..((.((((((((((.((((.((((.(.(((((((((....))).)).)))))))))))))......((((((((...((((((((....(((((.....((((((.....))))))..))))))).)))))).....((.((............))))...........)))))))).....))))))).)))..))....((.....((..((((....))))..))...))..))))).))).))))).. ) )
( 1.21844e+53 , ( ( [_[]_][[[_[]_][[[[_[_[_[[[]_]_]]]][[[_[_[]_]]_][_[]]]]_][_[_[_[_[_[]_]_]]]]]]_] , (-11791, <0, 18>, <0, 0>) ) , ...(.(((.....))).)....(((((((...(((((((...(((((((.....))))))).)))))))...(((.......((((((((((.(((.((((.((.(((((((((....))).)).))))))))))))).......(((((((...((((((((....(((((.....((((((.....))))))..)))))))).))))).....((.((............))))...........)))))))......)))))).))))..(((.(.((.(...((..(((......)))..))..)))))))..)))).)))))).. ) )
