Answer: 
( 6.81008e+51 , ( ( [][[[_[]_][[[[_[_[_[[[]_]_]]]][[[_[_[]_]]_][_[]]]]_][_[_[_[]_]]_]]]_] , (-11918, <0, 16>, <0, 0>) ) , .....((.......))......(((((((...(((((((...((((((((...)))))))).)))))))....(((......((((((((((.((((.(((.((.(((((((((....))).)).)))))))))))))......((((((((...((((((((....(((((.....((((((.....))))))..)))))))).))))).....((.((............))))...........)))))))).....)))))).))))..((....((..((.(((((((......))))))).))))..)).))).))).)))).. ) )
( 6.81008e+51 , ( ( [][[_[]_][[_[[[_[_[_[[[]_]_]]]][[[_[_[]_]_]_][]]]_]_][_[_[]_]_]]] , (-12179, <0, 16>, <0, 0>) ) , .....(((.....)))......((((((....(((((((...(((((((.....))))))).)))))))...(((((..((.((((((((((.(((.((((.((.(((((((((....))).)).)))))))))))))......((((((((...((((((((.....((((.....(((((.......)))))..)))).)).))))))....((....)).........................)))))))).....)))))).))))..))....((.....((..((((....))))..))...))....)))))..)))))).. ) )
( 6.81008e+51 , ( ( [][_[[_[]_][[_[[[_[_[_[[[]_]_]]]][[[_[_[]_]]_][_[]]]]_]_][_[]_]]]] , (-12495, <0, 16>, <0, 0>) ) , .....(((.....)))......((((((.(((.((((((...((((((((...)))))))).))))))....(((((..((.((((((((((..(((.(((.((.(((((((((....))).)).)))))))))))).......((((((((...((((((((....(((((.....((((((.....))))))..)))))))).))))).....((.((............))))...........)))))))).....))))))).)))..))....((.....((((((((....))))))))...))..))))).))))))))).. ) )
( 6.81008e+51 , ( ( [][[[_[]_][[_[[[_[_[_[[[]_]_]]]][[[_[_[]_]]_][]]]_]_][_[_[_[]_]_]]]]_] , (-12284, <0, 16>, <0, 0>) ) , .....((.......))......(((((((...(((((((...(((((((.....))))))).)))))))...(((((..((.((((((((((.((((.(((.((.(((((((((....))).)).)))))))))))))......((((((((...((((((((....(((((.....((((((.....))))))..))))))).))))))....((....)).........................)))))))).....))))))).)))..))....((..((.((..((((....))))..)).))))..)))))..))).)))).. ) )
( 6.81008e+51 , ( ( [][[_[]_][[[[[[_[_[[[]_]_]]]_]_][[[_[_[]_]]_][[_[[]_]_]_]]]_][_[_[]_]_]]] , (-11871, <0, 16>, <0, 0>) ) , .....((.......))......((((((.....((((((...(((((((.....))))))).))))))....((((......((((((((((..(((((((.((.(((((((((....))).)).))))))))).)).)).....(((((((....(((((((....(((((.....((((((.....))))))..)))))))).))))((((..((((....)).))...)).))...........)))))))......))))))).)))..(((...((.....((((((((....))))))))...)).))).))))..)))))).. ) )
( 6.81008e+51 , ( ( [][[_[_[]]][[_[[[_[_[_[[[]_]_]]]][_[[_[]_][]]_]]_]_][]]] , (-11359, <0, 15>, <0, 0>) ) , ......((.....)).......((((((.....((((((.((.((((((.....))))))))))))))....(((((..((.((((((((((.(((.((((.((.(((((((((....))).)).)))))))))))))......((((((((.......((((.....((((.....((((((.....))))))..))))........(((........))).........))))............)))))))).....))))))).)))..))...........((((((((....)))))))).......)))))....)))))).. ) )
( 6.81008e+51 , ( ( [][[[_[]_][_[[[[_[_[_[[[]_]_]]]][[[[_[_[]_]]_][]]_]]_][_[]_]]_]]_] , (-11909, <0, 16>, <0, 0>) ) , .....(((.....)))......(((((((...(((((((...(((((((.....))))))).)))))))...((((..(((.((((((((((.((((.(((.((.(((((((((....))).)).)))))))))))))......(((((((((..((((((((....(((((.....(((((.......)))))..))))))).)))))).....(((......)))..................)).))))))).....))))))).)))...............((..((((....))))..)).....)))..)))))).))))).. ) )
( 6.81008e+51 , ( ( [][_[[_[]_][[_[[[_[_[_[[[]_]_]]]][[[_[_[]_]]_][]]]_]_][_[]_]]]] , (-12340, <0, 16>, <0, 0>) ) , .....(((.....)))......((((((.((..((((((...((((((((...)))))))).))))))....(((((..((.((((((((((.((((.(((.((.(((((((((....))).)).)))))))))))))......((((((((...((((((((....(((((.....(((((.......)))))..))))))).)))))).....((.........))...................)))))))).....))))))).)))..))....((.....((((((((....))))))))...))..)))))..)))))))).. ) )
( 6.81008e+51 , ( ( [[]_][_[]_][_[[[[_[_[[[]_]_]]]_][[[_[_[]_]]_][]]][]]][_[_[_[_[_[]_]]_]_]_] , (-11598, <1, 28>, <0, 0>) ) , .((((((..............)).))))....(((((((...(((((((.....))))))).)))))))....((((..(((((........((((.((((.((.(((((((((....))).)).))))))))....))........(((((((.((((((((....(((((.....(((((.......)))))..)))))))).)))))....((....)))))))))))))...(((......)))..))))))))).((...(((((...(((...((..((.(((((((......))))))).)))).)))..)))))..)).... ) )
( 6.81008e+51 , ( ( [][_[[_[]_][[_[[[_[_[_[[[]_]_]]]][[[_[_[]_]]_][_[[]_]_]]]_]_][_[_[]_]_]]]] , (-12317, <0, 16>, <0, 0>) ) , .....(((.....)))......((((((.(((.((((((...(((((((.....))))))).))))))....(((((..((.((((((((((.((((.(((.((.(((((((((....))).)).)))))))))))))......((((((((....(((((((....(((((.....(((((.......)))))..)))))))).))))((((..((((....)).))...))))............)))))))).....)))))).))))..))....((.....((..((((....))))..))...))..))))).))))))))).. ) )
