Answer: 
( ( _ , ( 0 , 8.32108e-08 ) ) , ................................................... )
( ( [] , ( -4915 , 8.73691e+29 ) ) , .............(((((((.((((((((((...))))))))))))))))) )
( ( [[]] , ( -4320 , 2.8817e+25 ) ) , ((((.(((.((((((((((......))))))....))))...))))))).. )
( ( [][] , ( -5580 , 8.91923e+34 ) ) , (((......))).(((((((.((((((((((...))))))))))))))))) )
( ( [][[]] , ( -4952 , 1.65979e+30 ) ) , (((......))).(((((((..(((((((((...))))))))).))))))) )
( ( [[]][] , ( -3592 , 9.46555e+19 ) ) , .((...((.....)).))((.((((((((((...))))))))))))..... )
( ( [[][]] , ( -4358 , 5.57026e+25 ) ) , ((((.((..(((...)))....(((((((((...))))))))))))))).. )
( ( [[[]]] , ( -4299 , 2.00203e+25 ) ) , ((((.(((.((((((((((......))))))....)))).)))..)))).. )
( ( [][][] , ( -3686 , 4.8326e+20 ) ) , (((......))).((((((......))))))...((((((.....)))))) )
( ( [[[]]][] , ( -3550 , 4.56867e+19 ) ) , ((((.(((.(((...)))...))).)))).....((((((.....)))))) )
( ( [[[][]]] , ( -3978 , 7.64905e+22 ) ) , ..((.(((.(((...)))...((((((((((...)))))))))).))).)) )
( ( [[[]][]] , ( -3965 , 6.10503e+22 ) ) , ((((.(((.((.((....))..))(((((((...))))))).))))))).. )
( ( [][][[]] , ( -2859 , 2.85089e+14 ) ) , (((......))).((((((......))))))...((.(((.....))).)) )
( ( [[[[]]]] , ( -4061 , 3.22691e+23 ) ) , ((((.(((.((((.(((((......))))).....)))).)))..)))).. )
( ( [][[]][] , ( -2859 , 2.85089e+14 ) ) , (((......))).((.(((......))).))...((((((.....)))))) )
( ( [][[][]] , ( -3018 , 4.49381e+15 ) ) , (((......))).(((((....))(((((((...)))))))...))).... )
( ( [][[[]]] , ( -4209 , 4.20306e+24 ) ) , (((......))).(((((((..((((.((((...)))).)))).))))))) )
( ( [][[[]]] , ( -4209 , 4.20306e+24 ) ) , (((......))).(((((((..(((.(((((...))))).))).))))))) )
( ( [][[[]]] , ( -4209 , 4.20306e+24 ) ) , (((......))).(((((((..((.((((((...)))))).)).))))))) )
( ( [][[[]]] , ( -4209 , 4.20306e+24 ) ) , (((......))).((((.((..(((((((((...))))))))).)).)))) )
( ( [[]][[]] , ( -3354 , 1.52567e+18 ) ) , .((...((.....)).))((.((((((((((...))))))))))...)).. )
( ( [[][]][] , ( -2828 , 1.66525e+14 ) ) , ((((..((.....)).((....)).)))).....((((((.....)))))) )
( ( [[][][]] , ( -3161 , 5.36699e+16 ) ) , ((((..((.....)).((....))(((((((...))))))).))))..... )
( ( [[][[]]] , ( -3615 , 1.41055e+20 ) ) , ((((.((..(((...)))....((((.((((...)))).)))))))))).. )
( ( [[][[]]] , ( -3615 , 1.41055e+20 ) ) , ((((.((..(((...)))....(((.(((((...))))).))))))))).. )
( ( [[][[]]] , ( -3615 , 1.41055e+20 ) ) , ((((.((..(((...)))....((.((((((...)))))).)))))))).. )
( ( [[[[[]]]]] , ( -3215 , 1.36922e+17 ) ) , ((((.(((.((((.((.((......)).)).....)))).)))..)))).. )
( ( [[][[]][]] , ( -1547 , 37378.7 ) ) , ((.......(((...)))......((.((((...)))).))((...)))). )
( ( [[][[][]]] , ( -1902 , 1.76435e+07 ) ) , (((...((.....))((((....))((((((...))))))....))))).. )
( ( [[]][][] , ( -2693 , 1.60185e+13 ) ) , .....(((.(((...)))...)))(((((((...))))))).((.....)) )
( ( [[]][][[]] , ( -1999 , 9.48891e+07 ) ) , .((..(((.(((...)))...))))).((((...))))((.((...)).)) )
( ( [[[][]][]] , ( -1890 , 1.43284e+07 ) ) , (((...((.(((...)))...((......))...))(((....)))))).. )
( ( [[[[][]]]] , ( -3164 , 5.65364e+16 ) ) , ..((.((..((.((....))..(((((((((...))))))))))).)).)) )
( ( [][][][] , ( -2667 , 1.02043e+13 ) ) , (((......)))((....))...((((((((...))))))))((.....)) )
( ( [][[[]]][] , ( -1194 , 81.9837 ) ) , (((......))).((.((...((((....))...)).)).))((.....)) )
( ( [][[[][]]] , ( -2047 , 2.18156e+08 ) ) , (((......))).((((((..((((....))...((....)))).)))))) )
( ( [][[[]][]] , ( -2253 , 7.76992e+09 ) ) , (((......))).((((((....((....))...))(((....))).)))) )
( ( [[[][]]][] , ( -2080 , 3.86662e+08 ) ) , ..((.(((..((...))((....))))).))...((((((.....)))))) )
( ( [[][[]]][] , ( -1301 , 524.423 ) ) , .....((..(((...)))....((.((.......)).)))).((.....)) )
( ( [[][[]]][] , ( -1301 , 524.423 ) ) , .((......(((...)))....((.((.......)).)))).((.....)) )
( ( [[[][][]]] , ( -2722 , 2.64886e+13 ) ) , ((((.(((..((...))((....))((((((...)))))))))..)))).. )
( ( [[][]][[]] , ( -2001 , 9.82384e+07 ) ) , ((((..((.....)).((....)).)))).....((.(((.....))).)) )
( ( [[[]][]][] , ( -2452 , 2.45099e+11 ) ) , .((..(((.(((...)))...)))..(((((...))))))).((.....)) )
( ( [[[]][]][[]] , ( -920 , 0.707753 ) ) , ..((..((.(((...)))...))((....))...))..((.((...)).)) )
( ( [[[]]][[]] , ( -2723 , 2.6952e+13 ) ) , ((((.(((.(((...)))...))).)))).....((.(((.....))).)) )
( ( [][][][[]] , ( -1943 , 3.5926e+07 ) ) , (((......)))....(((....))).((((...))))((.((...)).)) )
( ( [][[[[]]]] , ( -3466 , 1.06433e+19 ) ) , (((......))).((((.((..((((.((((...)))).)))).)).)))) )
( ( [][[[[]]]] , ( -3466 , 1.06433e+19 ) ) , (((......))).((((.((..(((.(((((...))))).))).)).)))) )
( ( [][[[[]]]] , ( -3466 , 1.06433e+19 ) ) , (((......))).((((.((..((.((((((...)))))).)).)).)))) )
( ( [][][[]][] , ( -1924 , 2.58402e+07 ) ) , (((......)))((....))...(((.((((...)))).)))((.....)) )
( ( [][][[]][] , ( -1924 , 2.58402e+07 ) ) , (((......)))((....))...((.(((((...))))).))((.....)) )
( ( [][][[][]] , ( -2408 , 1.14267e+11 ) ) , (((......)))((....)).((.(((((((...)))))))((...)).)) )
( ( [][][[[]]] , ( -2075 , 3.54544e+08 ) ) , (((......)))((....)).((.((.((((...)))).)).))....... )
( ( [][[]][[]] , ( -2032 , 1.68183e+08 ) ) , (((......))).((.(((......))).))...((.(((.....))).)) )
( ( [[]][[]][] , ( -1950 , 4.05634e+07 ) ) , .....(((.(((...)))...)))((.((((...)))).)).((.....)) )
( ( [[]][[][]] , ( -2160 , 1.54851e+09 ) ) , .((...((.....)).))((....(((((((...)))))))((...)))). )
( ( [[]][[[]]] , ( -2611 , 3.86344e+12 ) ) , .((...((.....)).))((.(((((.((((...)))).)))))...)).. )
( ( [[]][[[]]] , ( -2611 , 3.86344e+12 ) ) , .((...((.....)).))((.((((.(((((...))))).))))...)).. )
( ( [[]][[[]]] , ( -2611 , 3.86344e+12 ) ) , .((...((.....)).))((.(((.((((((...)))))).)))...)).. )
( ( [[]][[[]]] , ( -2611 , 3.86344e+12 ) ) , .((...((.....)).))((.((.(((((((...))))))).))...)).. )
( ( [[[[]][]]] , ( -3573 , 6.8082e+19 ) ) , ((((.((..((.((....))..))(((((((...)))))))))..)))).. )
( ( [[[[]][]]][] , ( -1183 , 67.7442 ) ) , ..((.((..((.((....))..))....(((...))))).))((.....)) )
( ( [[[][[]]]] , ( -3274 , 3.8096e+17 ) ) , ..((.((..(((...)))((..(((((((((...))))))))).)))).)) )
( ( [[][[[]]]] , ( -2856 , 2.70635e+14 ) ) , ..((..((.....))(((((..((((.((((...)))).)))).))))))) )
( ( [[][[[]]]] , ( -2856 , 2.70635e+14 ) ) , ..((..((.....))(((((..(((.(((((...))))).))).))))))) )
( ( [[][[[]]]] , ( -2856 , 2.70635e+14 ) ) , ..((..((.....))(((((..((.((((((...)))))).)).))))))) )
( ( [[][[[]]]] , ( -2856 , 2.70635e+14 ) ) , ..((..((.....))((.((..(((((((((...))))))))).)).)))) )
( ( [[[]][][]] , ( -2704 , 1.93855e+13 ) ) , ((...(((.(((...)))...)))(((((((...)))))))((...)))). )
( ( [[[[]]][]] , ( -2515 , 7.30929e+11 ) ) , (((..(((.((.((....))..)).)))........(((....)))))).. )
( ( [][[][]][] , ( -2157 , 1.47e+09 ) ) , (((......))).((.((....)).((((((...))))))))((.....)) )
( ( [][[][][]] , ( -2580 , 2.2567e+12 ) ) , (((......))).(((((....))(((((((...)))))))((...))))) )
( ( [][[][[]]] , ( -2275 , 1.13796e+10 ) ) , (((......))).(((((....))((.((((...)))).))...))).... )
( ( [][[[[[]]]]] , ( -2639 , 6.27883e+12 ) ) , (((......))).((((.((..(((.((.((...)).)).))).)).)))) )
( ( [][[[[[]]]]] , ( -2639 , 6.27883e+12 ) ) , (((......))).((((.((..((.(((.((...)).))).)).)).)))) )
( ( [][[][[]][]] , ( -1837 , 5.71461e+06 ) ) , (((......))).(((((....))((.((((...)))).))((...))))) )
( ( [][[][[][]]] , ( -1691 , 454227 ) ) , (((......))).(((((....))(((.(((...)))((....)))))))) )
( ( [[]][][][] , ( -839 , 0.173687 ) ) , .((...((.....)).))((.......))((...))((.(((...))))). )
( ( [[]][[[]]][] , ( -785 , 0.0680806 ) ) , ..((..((.....))..))....((.((.((...)).)).))((.....)) )
( ( [[]][[[][]]] , ( -1459 , 8124.24 ) ) , ..((..((.....))..))..((.(((.(((...)))((....))))).)) )
( ( [[]][[[]][]] , ( -1417 , 3921.27 ) ) , .((...((.....)).))((....((.((((...)))).))((...)))). )
( ( [[[]]][][] , ( -2618 , 4.36215e+12 ) ) , ((((.(((.(((...)))...))).))))((...))((.(((...))))). )
( ( [[[]]][][[]] , ( -2114 , 6.97315e+08 ) ) , .(((.(((.(((...)))...))).)))(((...))).((.((...)).)) )
( ( [[][]][][] , ( -1896 , 1.58998e+07 ) ) , ((((..((.....)).((....)).))))((...))((.(((...))))). )
( ( [[][]][][[]] , ( -1397 , 2771.92 ) ) , .((...((.....)).((....)))).((((...))))((.((...)).)) )
( ( [[[[]]]][] , ( -2967 , 1.85553e+15 ) ) , ..((.(((.((.((....))..)).))).))...((((((.....)))))) )
( ( [[][][]][] , ( -1744 , 1.1389e+06 ) ) , .(((..((.....)).(((....))).((((...))))))).((.....)) )
( ( [[][][[]]] , ( -2418 , 1.35908e+11 ) ) , ((((..((.....)).((....))((.((((...)))).)).))))..... )
( ( [[][][[]]][] , ( -911 , 0.605468 ) ) , .((...((.....)).((....))..((.((...)).)))).((.....)) )
( ( [[[]][[]]] , ( -3222 , 1.54597e+17 ) ) , ((((.(((.((.((....))..))((.((((...)))).)).))))))).. )
( ( [[[]][[]]][] , ( -1625 , 144591 ) ) , .((..(((.(((...)))...)))..((.((...)).)))).((.....)) )
( ( [[[[[]][]]]] , ( -2868 , 3.33251e+14 ) ) , ((((.(((.(((.((.((....)).))..((...))))).)))..)))).. )
( ( [[[[[]][]]]] , ( -2868 , 3.33251e+14 ) ) , ((((.(((.((..((.((....)).)).(((...))))).)))..)))).. )
( ( [[][][][]] , ( -1990 , 8.11757e+07 ) ) , ((....((.....)).((....))(((((((...)))))))((...)))). )
( ( [[[[[][]]]]] , ( -2418 , 1.35908e+11 ) ) , (((..(((.((.((.((((......))))((...)))).)).))).))).. )
( ( [[[[][[]]]]] , ( -2421 , 1.43166e+11 ) ) , ..((.((..((.((....))..((((.((((...)))).)))))).)).)) )
( ( [[[[][[]]]]] , ( -2421 , 1.43166e+11 ) ) , ..((.((..((.((....))..(((.(((((...))))).))))).)).)) )
( ( [[[[][[]]]]] , ( -2421 , 1.43166e+11 ) ) , ..((.((..((.((....))..((.((((((...)))))).)))).)).)) )
( ( [[[][[[]]]]] , ( -2531 , 9.64699e+11 ) ) , ..((.((..(((...)))((..((((.((((...)))).)))).)))).)) )
( ( [[[][[[]]]]] , ( -2531 , 9.64699e+11 ) ) , ..((.((..(((...)))((..(((.(((((...))))).))).)))).)) )
( ( [[[][[[]]]]] , ( -2531 , 9.64699e+11 ) ) , ..((.((..(((...)))((..((.((((((...)))))).)).)))).)) )
( ( [[[[[[]]]]]] , ( -1752 , 1.30841e+06 ) ) , ..((.(((.((..((..((....((....))...))..)).))..))).)) )
( ( [[[[]][][]]] , ( -1609 , 109553 ) ) , ..((.(((.....((.((....)).)).(((...)))((....))))).)) )
( ( [[[][[][]]]] , ( -1179 , 63.2038 ) ) , ..((.(((.(((...)))...((((....))...((....)))).))).)) )
( ( [[[[[]]][]]] , ( -1655 , 243282 ) ) , ..((.(((..((.((.(((......))).))....))((....))))).)) )
( ( [[[[][]][]]] , ( -1135 , 29.4661 ) ) , ..((.(((..((((....)).((......))....))((....))))).)) )
( ( [[[[]][]][]] , ( -1986 , 7.5735e+07 ) ) , ((...((..((.((....))..))..(((((...)))))))((...)))). )
( ( [[][[[[]]]]] , ( -2113 , 6.85326e+08 ) ) , ..((..((.....))((.((..((((.((((...)))).)))).)).)))) )
( ( [[][[[[]]]]] , ( -2113 , 6.85326e+08 ) ) , ..((..((.....))((.((..(((.(((((...))))).))).)).)))) )
( ( [[][[[[]]]]] , ( -2113 , 6.85326e+08 ) ) , ..((..((.....))((.((..((.((((((...)))))).)).)).)))) )
( ( [[][[[][]]]] , ( -694 , 0.0140471 ) ) , ..((..((.....))((((..((((....))...((....)))).)))))) )
( ( [[][[[]][]]] , ( -961 , 1.44114 ) ) , ..((.....(((...)))((.(((.((.......)).)))((...)))))) )
( ( [[][][[]][]] , ( -1247 , 205.56 ) ) , ((....((.....)).((....))((.((((...)))).))((...)))). )
( ( [[][][[][]]] , ( -1101 , 16.339 ) ) , ((....((.....)).((....))(((.(((...)))((....))))))). )
( ( [[[]][[]][]] , ( -1961 , 4.90896e+07 ) ) , ((...(((.(((...)))...)))((.((((...)))).))((...)))). )
( ( [[[]][[][]]] , ( -1815 , 3.9019e+06 ) ) , ((...(((.(((...)))...)))(((.(((...)))((....))))))). )
( ( [[[[][]]][]] , ( -1617 , 125859 ) ) , ((((.(((..((...))((....))))).)).....(((....)))..)). )
( ( [[[[[]][]]][]] , ( -863 , 0.263355 ) ) , ((...((...((.((.((....)).))..((...)))).))((...)))). )
( ( [[[][[]]][]] , ( -1349 , 1205.68 ) ) , ((...((..(((...)))....((.((.......)).))))((...)))). )
( ( [[[[]]]][[]] , ( -2140 , 1.09463e+09 ) ) , ..((.(((.((.((....))..)).))).))...((.(((.....))).)) )
( ( [[[[]]]][][] , ( -1410 , 3472.97 ) ) , ..((.(((.((.((....))..)).))).))...((....))((.....)) )
( ( [[[][]]][[]] , ( -1253 , 228.104 ) ) , ..((.(((..((...))((....))))).))...((.(((.....))).)) )
( ( [[[][]]][][] , ( -523 , 0.00072371 ) ) , ..((.(((..((...))((....))))).))...((....))((.....)) )
( ( [[[[]]][]][] , ( -1968 , 5.54263e+07 ) ) , .(((.(((.((.((....))..)).)))(((...))).))).((.....)) )
( ( [[[][]][]][] , ( -1081 , 11.5499 ) ) , .(((.(((..((...))((....)))))(((...))).))).((.....)) )
( ( [[[][][]]][] , ( -557 , 0.00130516 ) ) , ..((.((..(((...)))((.......))((...)).)).))((.....)) )
( ( [[[][[]]]][] , ( -586 , 0.00215823 ) ) , ..((.((...((...))((....((....))...)).)).))((.....)) )
( ( [[][[][]]][] , ( -344 , 3.24553e-05 ) ) , .((...((.....)).((((.......))((...)).)))).((.....)) )
( ( [[[][][[]]]] , ( -1895 , 1.56264e+07 ) ) , ((((.(((..((...))((....))(((.((...)).))))))..)))).. )
( ( [[[[]][[]]]] , ( -2830 , 1.72403e+14 ) ) , ((((.((..((.((....))..))((.((((...)))).))))..)))).. )
( ( [[[]][[[]]]] , ( -1998 , 9.32576e+07 ) ) , ((((..((.....))..))..((.((.((((...)))).)).))....)). )
( ( [[[[[[]][]]]]] , ( -1458 , 7984.55 ) ) , (((..(((.((.((((.((....))..))((...)))).)).))).))).. )
( ( [[[[]]][][]] , ( -2306 , 1.94817e+10 ) ) , ((((.(((.((.((....))..)).)))(((...)))((....)))))).. )
( ( [[[][]][][]] , ( -1426 , 4583.71 ) ) , ((((..((.....)).((....)).))((((...)))).(((...))))). )
( ( [[[][][][]]] , ( -1000 , 2.83442 ) ) , ..((.((..(((...)))((.......))((...))(((....))))).)) )
( ( [[[][[]][]]] , ( -1029 , 4.68706 ) ) , ..((.((...((...))((....((....))...))(((....))))).)) )
( ( [[[[[[][]]]]]] , ( -999 , 2.78569 ) ) , ..((.((..((..((.((((.......))((...)).)).)).)).)).)) )
( ( [[[[[][[]]]]]] , ( -1446 , 6484.3 ) ) , ..((.((..((..((.((....)).(((.((...)).))))).)).)).)) )
( ( [[[[][][]]]] , ( -807 , 0.0997088 ) ) , ..((.((..((.((....)).((......))...((....)).)).)).)) )
( ( [[[[][[[]]]]]] , ( -1594 , 84458.1 ) ) , ..((.((..((.((....))..(((.((.((...)).)).))))).)).)) )
( ( [[[[][[[]]]]]] , ( -1594 , 84458.1 ) ) , ..((.((..((.((....))..((.(((.((...)).))).)))).)).)) )
( ( [[[][[[[]]]]]] , ( -1704 , 569105 ) ) , ..((.((..(((...)))((..(((.((.((...)).)).))).)))).)) )
( ( [[[][[[[]]]]]] , ( -1704 , 569105 ) ) , ..((.((..(((...)))((..((.(((.((...)).))).)).)))).)) )
( ( [[][[][]][]] , ( -419 , 0.000119181 ) ) , ((....((.....)).((((.......))((...)).))(((...))))). )
( ( [[][[][][]]] , ( -887 , 0.399316 ) ) , ..((..((.....))((((....))((((((...))))))((...)))))) )
( ( [[][[[[[]]]]]] , ( -1286 , 404.294 ) ) , ..((..((.....))((.((..(((.((.((...)).)).))).)).)))) )
( ( [[][[[[[]]]]]] , ( -1286 , 404.294 ) ) , ..((..((.....))((.((..((.(((.((...)).))).)).)).)))) )
( ( [[][[][[]]]] , ( -1137 , 30.5061 ) ) , (((...((.....))((((....))(((.((.......)).)))))))).. )
( ( [[][[][[]][]]] , ( -60 , 2.35568e-07 ) ) , ..((..((.....))((((....))(((.((...)).)))((...)))))) )
( ( [[][[][[][]]]] , ( -120 , 6.6689e-07 ) ) , ..((..((.....))((((....))((.(((...)))((....)))))))) )
( ( [[[[]]][[]]] , ( -1694 , 478487 ) ) , ((...(((.((.((....))..)).))).((...((....))...)).)). )
( ( [[[][]][[]]] , ( -948 , 1.15023 ) ) , ((((..((.....)).((....)).))..((...((....))...)).)). )
( ( [[[[[]]]][]] , ( -2504 , 6.03977e+11 ) ) , ((((.(((.((.((....))..)).))).)).....(((....)))..)). )
( ( [[[][][]][]] , ( -1349 , 1205.68 ) ) , ((((..((.....)).(((....))).((((...)))))).((...)))). )
( ( [[[][][[]]][]] , ( -312 , 1.86317e-05 ) ) , ((...((...((...))((....)).((.((...)).))))((...)))). )
( ( [[[[]][[]]][]] , ( -1159 , 44.6784 ) ) , ((...((..((.((....))..))..((.((...)).))))((...)))). )
( ( [][[]][][] , ( -2138 , 1.05731e+09 ) ) , (((......))).((.((....)).))((((...)))).(((...)))... )
( ( [][[]][][[]] , ( -1936 , 3.18187e+07 ) ) , (((......))).((.((....)).))((((...))))((.((...)).)) )
( ( [][[[][]][]] , ( -1009 , 3.31326 ) ) , (((......))).(((((((.......))((...)).))(((...)))))) )
( ( [][[[[][]]]] , ( -1220 , 128.697 ) ) , (((......))).((.(((..((((....))...((....)))).))).)) )
( ( [][][][][] , ( -716 , 0.0205729 ) ) , (((......)))((....)).((......))...((....))((.....)) )
( ( [][][[[]]][] , ( -1097 , 15.2439 ) ) , (((......)))((....))...((.((.((...)).)).))((.....)) )
( ( [][][[[][]]] , ( -1709 , 620660 ) ) , (((......)))((....)).((.(((.(((...)))((....))))).)) )
( ( [][][[[]][]] , ( -1665 , 289357 ) ) , (((......)))((....)).((.((.((((...)))).))((...)).)) )
( ( [][[[][]]][] , ( -883 , 0.372552 ) ) , (((......))).((.((((.......))((...)).)).))((.....)) )
( ( [][[][[]]][] , ( -1330 , 867.198 ) ) , (((......))).((.((....)).(((.((...)).)))))((.....)) )
( ( [][[[][][]]] , ( -1167 , 51.3282 ) ) , (((......))).((.((((.......))((...))(((....))))).)) )
( ( [][[][]][[]] , ( -1402 , 3023.03 ) ) , (((......)))((.((((......))))((...))))((.((...)).)) )
( ( [][[[]][]][] , ( -908 , 0.57477 ) ) , .((......))((((.((....)).))..((...)))).(((...)))... )
( ( [][[[]][]][[]] , ( -706 , 0.0172971 ) ) , .((......))((((.((....)).))..((...))))((.((...)).)) )
( ( [][[[]]][[]] , ( -921 , 0.720135 ) ) , .((......))((.((.((......)).)).....)).((.((...)).)) )
( ( [[]][][][[]] , ( -319 , 2.10367e-05 ) ) , .((...((.....)).))((.......))((...))..((.((...)).)) )
( ( [[]][[[[]]]] , ( -1868 , 9.78334e+06 ) ) , .((...((.....)).))((.((.((.((((...)))).)).))...)).. )
( ( [[[]]][[]][] , ( -1194 , 81.9837 ) ) , .((...((.(((...)))...)).))((.((...)).))(((...)))... )
( ( [[[]]][[][]] , ( -1263 , 271.303 ) ) , .((...((.(((...)))...)).))(((((...)))((....)).))... )
( ( [[[]]][[][]] , ( -1263 , 271.303 ) ) , .((...((.(((...)))...)).))((.((...))(((....)))))... )
( ( [[][]][[]][] , ( -917 , 0.671869 ) ) , .((...((.....)).((....))))((.((...)).))(((...)))... )
( ( [[][]][[][]] , ( -986 , 2.22337 ) ) , .((...((.....)).((....))))(((((...)))((....)).))... )
( ( [[][]][[][]] , ( -986 , 2.22337 ) ) , .((...((.....)).((....))))((.((...))(((....)))))... )
( ( [[[[[]]][]][]] , ( -1573 , 58676.4 ) ) , ((((.(((.((.((....))..)).)))(((...))).)).((...)))). )
( ( [[[[][]][]][]] , ( -686 , 0.0122272 ) ) , ((((.(((..((...))((....)))))(((...))).)).((...)))). )

