Answer: 
( 1.75935e+57 , ( ( [_[]_][_[[_[]_][[_[[[_[_[_[[[]_]_]]]][[[_[_[]_]]_][]]]_]_][_[_[_[_[]_]]_]]]]] , -11756 ) , ...(.(((.....))).)....((((((.(((.((((((...(((((((.....))))))).))))))....(((((..((.((((((((((.((((.((((.(.(((((((((....))).)).)))))))))))))........((((((...((((((((....(((((.....((((((.....))))))..))))))).)))))).....((.........))...................)))))).......))))))).)))..))....((.(.(.((..((((....))))..))).)))..))))).))))))))).. ) )
( 1.75935e+57 , ( ( [_[]_][[_[[_[]_][[_[[[_[_[_[[[]_]_]]]][[_[_[_[]_]]_][_[]_]]]_]_][_[]_]]]]_] , -11043 ) , ...(.((.......)).)....(((((((.(.(((((((...(((((((.....))))))).)))))))...(((((..((.((((((((((.((((.(((.((.(((((((((....))).)).)))))))))))))......(((((((....(((((....((.(((((.....((((((.....))))))..)))))))..)))))(((..(((......)))....)))..............))))))).....)))))).))))..))........((.((((((((....)))))))).))....))))).))).))))).. ) )
( 1.75935e+57 , ( ( [[]_][[_[_[[][_[[]_]]]_]_][_[[_[_[_[[_[]_][[_[_[_[]_]]_][]]]_]_]_][[][]]]]] , -11432 ) , ....((((.....))).)....(((((((.((((..(((((.((((....)))).((((.((((((.....)))).))))))...)))))..)))).)))((((..((((((((.((..((((..((...(..(......)..)...((((((..((((((.((...(((((.....(((((.......)))))..))))))).))))))....((....)).))))))...)).))))..)).))).....((((..(((((((........)))))))......((((((((....)))))))).))))..)))))))))..)))).. ) )
( 1.75935e+57 , ( ( [][[_[]_][[[[_[_[_[[[]_]_]]]][[[_[_[]_]]_][_[]]]]_][_[]_]]] , -11963 ) , .....(((.....)))......((((((....(((((((...(((((((.....))))))).)))))))...((((......((((((((((.((((.((((.(.(((((((((....))).)).)))))))))))))......((((((((...((((((((....(((((.....((((((.....))))))..)))))))).))))).....((.((............))))...........)))))))).....))))))).)))..(((..........(((((((......)))))))......))).))))..)))))).. ) )
( 1.75935e+57 , ( ( [][[_[_[]]][_[[[[[[_[_[_[[[]_]_]]]][[[_[_[]_]]_][]]]_]_]_][_[_[]_]]]_]] , -11796 ) , .....(((.....)))......((((((....(((((((.(.(((((((.....)))))))))))))))((.(((((..(((((((((((((.((((.((((.(.(((((((((....))).)).)))))))))))))......((((((((....(((((((....(((((.....((((((.....))))))..))))))).))))).....((....)).........................)))))))).....)))))).))))..).))..(.((...((((((((....))))))))..)))..))))).)).)))))).. ) )
( 1.75935e+57 , ( ( [_[]_][[_[]_][[[[_[_[_[[[]_]_]]]][[_[_[]_]_][]]]_][_[_[]_]_]]] , -11461 ) , (....(((.....))).)....((((((....(((((((...(((((((.....))))))).)))))))...(((.......((((((((((.((((.(((.((.(((((((((....))).)).)))))))))))))......((((((((...((((((......(((((.....((((((.....))))))..)))))...)))))).....((((....))))....................)))))))).....)))))).))))..(((..........((..((((....))))..))......)))..)))..)))))).. ) )
( 1.75935e+57 , ( ( [][[_[_[]]][[_[[[_[_[[[]_]_]_]][[[_[_[]_]]_][][]]]_]_][_[]_]]] , -11169 ) , ......((.....)).......(((((.....(((((((.((.((((((.....)))))))))))))))...(((((..((.((((((((((...((.((((...(((((((((....))).)).)))).))))))........(((((((.....(((((((....(((((.....((((((.....))))))..)))))))).)))).....((....))..............(((......)))))))))).....))))))).)))..))........((.((((((((....)))))))).))......)))))...))))).. ) )
( 1.75935e+57 , ( ( [][[_[]_][[[[[[_[_[[[]_]_]]]_]_][[[_[_[]_]]_][_[]_]]]_][_[_[_[]_]]_]]] , -11423 ) , .((...))..............((((.......((((((...(((((((.....))))))).))))))....((((......((((((((((..((((((((.(.(((((((((....))).)).))))))))).)).))....((((((((....(((((((....(((((.....((((((.....))))))..))))))).)))))((((..((.........))...))))............)))))))).....))))))).)))..(((...((..((.((((((((....)))))))).)))).))).))))....)))).. ) )
( 1.75935e+57 , ( ( [][[[_[]_][_[[[[_[_[_[[[]_]_]]]][[_[_[_[]_]]_][_[_[]]]]]_][_[_[_[]_]_]]]_]]_] , -11013 ) , ......((.....)).......(((((((...(((((((...((((((((...)))))))).)))))))....(((..(...((((((((((.(((.(((((.(.(((((((((....))).)).)))))))))))))......((((((((...((((((.((...(((((.....((((((.....))))))..))))))).)))))).....((.((...((.....))))))...........)))))))).....))))))).)))........(.((...((..((((....))))..))..)))..)..))).)).))))).. ) )
( 1.75935e+57 , ( ( [_[]_][[_[]_][_[[[[_[_[[[]_]_]_]][[_[_[_[]_]]_][_[]]]]_][_[]_]]_]] , -11687 ) , ...(.((.......)).)....((((((....(((((((...((((((((...)))))))).)))))))...(((((.(((.((((((((((.((((.((((...(((((((((....))).)).)))).))))))))......((((((((...((((((...(((.((((.....((((((.....))))))..))))))).)))))).....((.((............))))...........)))))))).....)))))).))))............(..((((((((....))))))))..)..))).)))))..)))))).. ) )
