Answer: 
( 1.52335e+56 , ( ( [][_[_[[_[]_][[[[[[_[_[[[]_]_]]]_]_][[[_[_[]_]]_][]]]_][_[]_]]]_]] , -11175 ) , .....((.......))......((.(((.(((.((((((...((((((((...)))))))).))))))....((((......((((((((((..(((((((.((.(((((((((....))).)).))))))))).)).))....((((((((...((((((((....(((((.....(((((.......)))))..))))))).))))))....((....)).........................)))))))).....))))))).)))........((.....((((((((....))))))))...))...)))).))).))))).. ) )
( 1.52335e+56 , ( ( [][[_[]_][[[[_[_[[[]_]_]_]][[[_[_[]_]]_][_[]]]]_][_[]_]]] , -11833 ) , .....(((.....)))......((((((....(((((((...((((((((...)))))))).)))))))...(((((.....((((((((((..((.(((((...(((((((((....))).)).)))).))))))).......((((((((...((((((((....(((((.....((((((.....))))))..)))))))).))))).....((.((............))))...........)))))))).....)))))).))))............((.((((((((....)))))))).))......)))))..)))))).. ) )
( 1.52335e+56 , ( ( [][[_[]_][[_[[[_[_[_[[[]_]_]]]][_[_[_[[][]]_]_]_]]_]_][_[_[]_]_]]] , -11443 ) , .....(((.....)))......((((((....(((((((...((((((.......)))))).)))))))...(((((..((.((((((((((.(((.((((.((.(((((((((....))).)).)))))))))))))......((((((((......(((...((((...((....(((((.......)))))............((((..........)))).))..))))...)))........)))))))).....))))))).)))..))....((.....((..((((....))))..))...))....)))))..)))))).. ) )
( 1.52335e+56 , ( ( [][[_[_[]]][_[[[[_[_[[[]_]_]]][[[_[_[]_]]_][_[]_][]]]_][[]_]]_]] , -10892 ) , ......((.....)).......((((((....(((((((.((.((((((.....)))))))))))))))...(((((.(((.((((((((((......(((.((.(((((((((....))).)).)))))))))..........(((((((....((((((((....(((((.....((((((.....))))))..))))))).)))))).((..((((....))))....))...(((......)))))))))).....))))))).))).............((((((((((....))))))))..)).))).)))))..)))))).. ) )
( 1.52335e+56 , ( ( [][[_[[][_[[]_]]]_][_[[_[_[[][[[_[_[]_]]_][]]]_]_][[][]]]_]] , -11417 ) , .....(((.....)))......(((((...((((..((((((((((....)))))((((.((((((.....)))).))))))...)))))..))))....((((...((((.((.((..((((..((...))...............(((((((..(((((((....(((((.....((((((.....))))))..))))))).))))).((....))....)))))))......))))..)).)).....((((...(((((((........)))))))......((((((((....))))))))..)))).)))).)))).))))).. ) )
( 1.52335e+56 , ( ( [[_[]_][_[[_[[[_[_[_[[[]_]_]]]][[_[_[_[]_]]_][]]]_]_][]]_]] , -11526 ) , ......................((((......(((((((...((((((((...)))))))).)))))))((.(((((..((.((((((((((...((.(((.((.(((((((((....))).)).)))))))))))........((((((((...((((((...((.(((((.....((((((.....))))))..))))))).)))))).....((.........))...................)))))))).....)))))).))))..))...........((((((((....)))))))).......))))).))...)))).. ) )
( 1.52335e+56 , ( ( [][_[[_[_[]]][_[[[[_[[[]_]_]_][[_[_[_[]_]]_][_[_[]]]]]_][_[]_]]_]]] , -11029 ) , ......((.....)).......((((((.((.(((((((.((.((((((.....)))))))))))))))....(((..((..((((((((((.....(((((...(((((((((....))).)).)))).))))).........((((((((...((((((.((...(((((.....((((((.....))))))..))))))).)))))).....((.((...((.....))))))...........)))))))).....)))))).))))...............((..(((......)))..))......))..))).)))))))).. ) )
( 1.52335e+56 , ( ( [[_[]_][[_[[[_[_[_[[[]_]_]]]][[[_[_[]_]]_][][]]]_]_][_[_[]_]_]]] , -11688 ) , ......................((((((....(((((((...((((((((...)))))))).)))))))...(((((..((.((((((((((.((((.(((.((.(((((((((....))).)).)))))))))))))......((((((((...((((((((....(((((.....((((((.....))))))..))))))))).))))....((....))..........((....)).......)))))))).....))))))).)))..))....((.....((..((((....))))..))...))....)))))..)))))).. ) )
( 1.52335e+56 , ( ( [][[_[_[_[_[[][[_[_[[[]_]_]]][[][[_[_[]_]]_]]]]]_]_]][_[_[_[]_]_]_]] , -11812 ) , ......((.....)).......((((..((((((..((((((.......((..((((.(((((........((((........)))).....(((((((((.((.(((((((((....))).)).)))))))))..((((.(((....)))....((((((((....(((((.....((((((.....))))))..)))))))).))))).....))))........))))))..)))))))))..))....)))))))))))).(((((...(((...((.....((((((((....))))))))...)).)))..)))))..)))).. ) )
( 1.52335e+56 , ( ( [][[_[]_][_[[[[_[_[_[[[]_]_]]]][[[_[_[]_]]_][_[]]]]_][_[]_]]_]] , -12017 ) , ......((.....)).......((((((....(((((((...(((((((.....))))))).)))))))...((((..(((.((((((((((..(((.(((.((.(((((((((....))).)).)))))))))))).......((((((((...((((((((....(((((.....((((((.....))))))..))))))).)))))).....((.((............))))...........)))))))).....)))))).))))...............((..(((......)))..)).....)))..))))..)))))).. ) )
