Answer: 
( ( -2150.6 = -2150.6 + 0 ) , .((((((.((.....((.((((((((((..........)))))))...))).))...)).))))))........(((((.(((.((((.....((((((((((.............)))))))))).......)))).))))))))...... )
