Answer: 
( 1.84858e+45 , ( ( [][[_[_[_[_[[_[]_][[_[_[[[]_]_]]][_[_[[_[_[]_]]_]_]]]]]_]_]][_[_[_[]_]_]_]] , -11560 ) , .....((.......))......((((((((((((..((((((...(((.....((((.((((((((....(((..........))).)))).(((((((((.((.(((((((((....))).)).)))))))))..........(((.(((....((((((((....(((((.....(((((.......)))))..))))))).))))))..)))))).........))))))...))))))))..)))...)))))))))))).(((((...(((...((.....((((((((....))))))))...)).)))..))))))))))).. ) )
( 1.84858e+45 , ( ( [[_[_[_[_[[_[]_][[_[_[[[]_]_]]][_[_[[_[_[]_]]_]_]]]]]_]_]][_[_[_[]_]_]_]] , -11646 ) , ......................((((((((((((..((((((.......(((.((((.((((((((....(((..........))).)))..(((((((((.((.(((((((((....))).)).)))))))))..........(((.(((....((((((((....(((((.....((((((.....))))))..)))))))).)))))..)))))).........))))))..))))))))).)))....)))))))))))))(((((...(((...((.....((((((((....))))))))...)).)))..))))).))))).. ) )
( 1.84858e+45 , ( ( [][_[_[_[_[[_[[]_]_][[_[_[[[]_]_]]][[[_[_[]_]]_][]]]]]_]_]][_[_[_[_[]_]_]_]_] , -11303 ) , ............((((((...))))))(((((((..((((((...(((.....((((.((((((((....(((((....))..))).)))).((((.((((.((.(((((((((....))).)).))))))))))............((((((..((((((((....(((((.....(((((.......)))))..))))))).))))))....((....)).))))))))))...))))))))..)))...)))))))))))))(((((...(((...((.....((..((((....))))..))...)).)))..)))))........ ) )
( 1.84858e+45 , ( ( [[_[_[_[_[[_[_[]_]_][[_[_[[[]_]_]]][_[_[[_[_[]_]]_]_]]]]]_]_]][_[_[_[_[]_]]_]_]] , -11288 ) , ......................((((((((((((..((((((...(((.....((((.((((((((.((..(((....))).))...)))).(((((((((.((.(((((((((....))).)).)))))))))).........(((.(((....((((((((....(((((.....((((((.....))))))..)))))))).)))))..))))))..........)))))...))))))))..)))...)))))))))))).(((((...((....((..((.(((((((......))))))).))))..))..))))))))))).. ) )
( 1.84858e+45 , ( ( [][[_[_[_[_[[_[[]_]_][[_[[[]_]_]_][_[[_[_[]_]]_]_]]]]_]_]][_[_[_[_[_[]_]_]]_]_]] , -11451 ) , .....(((.....)))......((((((((((((..((((((...(((.....((((.((((((((....(((((....))..))).)))..((((((((((...(((((((((....))).)).)))).))))).............((((((.((((((((....(((((.....((((((.....))))))..)))))))).)))))............)))))))))))..)))))))))..)))...)))))))))))))(((((...(((...((..((.((..((((....))))..)).)))).)))..))))).))))).. ) )
( 1.84858e+45 , ( ( [[]_][_[_[_[_[[_[_[]_]_][_[_[[[]_]_]_]][_[_[[_[_[]_]]_]_]_]]]_]_]][_[_[_[]_]_]_] , -11051 ) , .((((((..............)).))))((((((..((((((.......(((.((((.((((((((.((..(((....))).))...)))...((((.((((...(((((((((....))).)).)))).))))))))......((.(((((((.((((((((....(((((.....((((((.....))))))..))))))).))))))............)))))))...)).))))))))).)))....)))))))))))).(((((...(((...((.....((((((((....))))))))...)).)))..)))))........ ) )
( 1.84858e+45 , ( ( [[_[_[_[_[[_[_[]_]_][[_[_[[[]_]_]]][[[_[_[]_]]_][]]]]]_]_]][_[_[_[_[]_]_]_]_]] , -11113 ) , ......................((((((((((((..((((((...(((.....((((.((((((((.((..(((....))).))...))))..(((.((((.((.(((((((((....))).)).))))))))))............(((((((.((((((((....(((((.....(((((.......)))))..)))))))).)))))....((....))))))))))))....))))))))..)))...)))))))))))).(((((...(((...((.....((..((((....))))..))...)).)))..))))))))))).. ) )
( 1.84858e+45 , ( ( [[_[_[_[_[[_[]][[_[_[[[]_]_]]][_[[_[_[]_]_]_]_]]]]_]_]][_[_[_[_[]_]_]_]_]] , -11330 ) , ......................((((((((((((..((((((....((.....((((.((((((((.....((((........)))))))).(((((((((.((.(((((((((....))).)).)))))))))).............((((((.(((((((.....(((((.....((((((.....))))))..))))).)).)))))............)))))))))))...))))))))..))....)))))))))))))(((((...(((...((.....((..((((....))))..))...)).)))..))))).))))).. ) )
( 1.84858e+45 , ( ( [][[_[_[_[_[[][[_[_[[[]_]_]]][_[_[[_[_[]_]]_]_]]]]]_]_]][_[_[_[]_]_]_]] , -11435 ) , .....((.......))......((((((((((((..((((((...(((.....((((.(((((........((((........)))).....(((((((((.((.(((((((((....))).)).)))))))))..........(((.(((....((((((((....(((((.....((((((.....))))))..))))))).))))))..)))))).........))))))..)))))))))..)))...)))))))))))))(((((...(((...((.....(((((((......)))))))...)).)))..))))).))))).. ) )
( 1.84858e+45 , ( ( [[]_][_[_[_[_[[_[]_][[_[_[[[]_]_]]][_[_[[_[_[]_]]_]_]]]]]_]_]][_[_[_[]_]_]_] , -11322 ) , .((((((.......))........))))((((((..((((((.......(((.((((.(((((..........((((.((....)).)))).(((((((((.((.(((((((((....))).)).)))))))))..........(((.(((....((((((((....(((((.....((((((.....))))))..)))))))).)))))..)))))).........))))))..))))))))).)))....)))))))))))).(((((...(((...((.....((((((((....))))))))...)).)))..)))))........ ) )
