Answer: 
( ( -2154.6 = -2154.6 + 0 ) , ..((((((........))))))......................(((((......(((((....)))))......)))))(((.......................................((.....)))))((((((((....))))))))....................... )
