Answer: 
( ( ........................... , _ ) , 0 )
( ( ..................((...)).. , [] ) , 448 )
( ( .................(((...))). , [] ) , 339 )
( ( .................((.....)). , [] ) , 372 )
( ( ..............((....))..... , [] ) , 551 )
( ( ..............((.......)).. , [] ) , 548 )
( ( .............(((.......))). , [] ) , 439 )
( ( .............((.........)). , [] ) , 550 )
( ( ............((....))....... , [] ) , 356 )
( ( ............((......))..... , [] ) , 481 )
( ( ............((.........)).. , [] ) , 886 )
( ( ............((((....)).)).. , [] ) , 1044 )
( ( ............((((.......)))) , [] ) , 199 )
( ( ............(((.........))) , [] ) , 310 )
( ( ............((...........)) , [] ) , 459 )
( ( ............((....((...)))) , [] ) , 679 )
( ( ............((((....))...)) , [] ) , 741 )
( ( ...........((.........))... , [] ) , 311 )
( ( ...........((.((....))))... , [] ) , 473 )
( ( .........((...))........... , [] ) , 572 )
( ( .........((...))..((...)).. , [][] ) , 1020 )
( ( .........((...)).(((...))). , [][] ) , 911 )
( ( .........((...)).((.....)). , [][] ) , 944 )
( ( .........((.......))....... , [] ) , 424 )
( ( .........((.........))..... , [] ) , 600 )
( ( .........((.((....))))..... , [] ) , 499 )
( ( .........((............)).. , [] ) , 927 )
( ( .........((.((....))...)).. , [] ) , 981 )
( ( .........((.((......)).)).. , [] ) , 837 )
( ( .........((...((....)).)).. , [] ) , 1174 )
( ( .........((..............)) , [] ) , 523 )
( ( .........((.((.........)))) , [] ) , 958 )
( ( .........((.((((....)).)))) , [] ) , 1116 )
( ( .........((...((.......)))) , [] ) , 738 )
( ( .........((.......((...)))) , [] ) , 781 )
( ( .........((((.........)).)) , [] ) , 306 )
( ( .........((((.((....)))).)) , [] ) , 468 )
( ( .........((.((....)).....)) , [] ) , 684 )
( ( .........((.((......))...)) , [] ) , 683 )
( ( .........((...((....))...)) , [] ) , 673 )
( ( ........((......))......... , [] ) , 289 )
( ( ........((......))((...)).. , [][] ) , 737 )
( ( .......((....))............ , [] ) , 520 )
( ( .......((....))...((...)).. , [][] ) , 968 )
( ( .......((....))..(((...))). , [][] ) , 859 )
( ( .......((....))..((.....)). , [][] ) , 892 )
( ( .......(((......)))........ , [] ) , 180 )
( ( .......((........))........ , [] ) , 418 )
( ( .......((((...)).))........ , [] ) , 804 )
( ( .......((...............)). , [] ) , 658 )
( ( .......((..((.........)))). , [] ) , 591 )
( ( .......((..((.((....)))))). , [] ) , 753 )
( ( .......((((...))........)). , [] ) , 1048 )
( ( .......((((.......))....)). , [] ) , 786 )
( ( .......((((.........))..)). , [] ) , 880 )
( ( .......((((.((....))))..)). , [] ) , 779 )
( ( .......((...((....))....)). , [] ) , 699 )
( ( .......((...((......))..)). , [] ) , 789 )
( ( .......((.....((....))..)). , [] ) , 994 )
( ( ......((....))............. , [] ) , 804 )
( ( ......((....))....((...)).. , [][] ) , 1252 )
( ( ......((....))...(((...))). , [][] ) , 1143 )
( ( ......((....))...((.....)). , [][] ) , 1176 )
( ( ......((....))((....))..... , [][] ) , 1355 )
( ( ......((....))((.......)).. , [][] ) , 1352 )
( ( ......(((....)))........... , [] ) , 404 )
( ( ......(((....)))..((...)).. , [][] ) , 852 )
( ( ......(((....))).(((...))). , [][] ) , 743 )
( ( ......(((....))).((.....)). , [][] ) , 776 )
( ( ......((......))........... , [] ) , 459 )
( ( ......((......))..((...)).. , [][] ) , 907 )
( ( ......((......)).(((...))). , [][] ) , 798 )
( ( ......((......)).((.....)). , [][] ) , 831 )
( ( ......((((......))))....... , [] ) , -60 )
( ( ......(((........)))....... , [] ) , 178 )
( ( ......(((((...)).)))....... , [] ) , 564 )
( ( ......((..........))....... , [] ) , 448 )
( ( ......((.((...))..))....... , [] ) , 934 )
( ( ......((............))..... , [] ) , 615 )
( ( ......((.((.......))))..... , [] ) , 567 )
( ( ......((....((....))))..... , [] ) , 711 )
( ( ......((((......))..))..... , [] ) , 562 )
( ( ......((.((...))....))..... , [] ) , 973 )
( ( ......((...............)).. , [] ) , 942 )
( ( ......((((......)).....)).. , [] ) , 982 )
( ( ......((.((...)).......)).. , [] ) , 1474 )
( ( ......((.((.......))...)).. , [] ) , 1062 )
( ( ......((.((.........)).)).. , [] ) , 956 )
( ( ......((.((.((....)))).)).. , [] ) , 855 )
( ( ......((....((....))...)).. , [] ) , 992 )
( ( ......((....((......)).)).. , [] ) , 1184 )
( ( ......((......((....)).)).. , [] ) , 1389 )
( ( ......(((...............))) , [] ) , 418 )
( ( ......(((..((.........))))) , [] ) , 351 )
( ( ......(((..((.((....))))))) , [] ) , 513 )
( ( ......(((((...))........))) , [] ) , 808 )
( ( ......(((((.......))....))) , [] ) , 546 )
( ( ......(((((.........))..))) , [] ) , 640 )
( ( ......(((((.((....))))..))) , [] ) , 539 )
( ( ......(((...((....))....))) , [] ) , 459 )
( ( ......(((...((......))..))) , [] ) , 549 )
( ( ......(((.....((....))..))) , [] ) , 754 )
( ( ......((.................)) , [] ) , 507 )
( ( ......((.((............)))) , [] ) , 999 )
( ( ......((.((.((....))...)))) , [] ) , 1053 )
( ( ......((.((.((......)).)))) , [] ) , 909 )
( ( ......((.((...((....)).)))) , [] ) , 1246 )
( ( ......((....((.........)))) , [] ) , 1117 )
( ( ......((....((((....)).)))) , [] ) , 1275 )
( ( ......((......((.......)))) , [] ) , 862 )
( ( ......((..........((...)))) , [] ) , 813 )
( ( ......((((......)).......)) , [] ) , 622 )
( ( ......((.((...)).........)) , [] ) , 1068 )
( ( ......((.((.......)).....)) , [] ) , 768 )
( ( ......((.((.........))...)) , [] ) , 815 )
( ( ......((.((.((....))))...)) , [] ) , 714 )
( ( ......((...((.........)).)) , [] ) , 436 )
( ( ......((...((.((....)))).)) , [] ) , 598 )
( ( ......((....((....)).....)) , [] ) , 585 )
( ( ......((....((......))...)) , [] ) , 697 )
( ( ......((......((....))...)) , [] ) , 880 )
( ( ......((.((...))..((...)))) , [[][]] ) , 1353 )
( ( ......((((......))((...)))) , [[][]] ) , 1070 )
( ( .....((....)).............. , [] ) , 229 )
( ( .....((....)).....((...)).. , [][] ) , 677 )
( ( .....((....))....(((...))). , [][] ) , 568 )
( ( .....((....))....((.....)). , [][] ) , 601 )
( ( .....((....)).((....))..... , [][] ) , 780 )
( ( .....((....)).((.......)).. , [][] ) , 777 )
( ( .....((....))(((.......))). , [][] ) , 668 )
( ( .....((....))((.........)). , [][] ) , 779 )
( ( .....((...............))... , [] ) , 367 )
( ( .....((..((.........))))... , [] ) , 676 )
( ( .....((..((.((....))))))... , [] ) , 575 )
( ( .....((.....((......))))... , [] ) , 680 )
( ( .....((.......((....))))... , [] ) , 811 )
( ( .....((((....)).......))... , [] ) , 780 )
( ( .....(((((......)))...))... , [] ) , 297 )
( ( .....((((........))...))... , [] ) , 535 )
( ( .....((((((...)).))...))... , [] ) , 921 )
( ( .....((.((......))....))... , [] ) , 402 )
( ( .....((..((...))......))... , [] ) , 784 )
( ( .....((..((.......))..))... , [] ) , 417 )
( ( .....((.....((....))..))... , [] ) , 500 )
( ( ....((...))................ , [] ) , 448 )
( ( ....((...)).......((...)).. , [][] ) , 896 )
( ( ....((...))......(((...))). , [][] ) , 787 )
( ( ....((...))......((.....)). , [][] ) , 820 )
( ( ....((...))...((....))..... , [][] ) , 999 )
( ( ....((...))...((.......)).. , [][] ) , 996 )
( ( ....((...))..(((.......))). , [][] ) , 887 )
( ( ....((...))..((.........)). , [][] ) , 998 )
( ( ....((...)).((....))....... , [][] ) , 804 )
( ( ....((...)).((......))..... , [][] ) , 929 )
( ( ....((...)).((.........)).. , [][] ) , 1334 )
( ( ....((...)).((((....)).)).. , [][] ) , 1492 )
( ( ....((...)).((((.......)))) , [][] ) , 647 )
( ( ....((...)).(((.........))) , [][] ) , 758 )
( ( ....((...)).((...........)) , [][] ) , 907 )
( ( ....((...)).((....((...)))) , [][] ) , 1127 )
( ( ....((...)).((((....))...)) , [][] ) , 1189 )
( ( ....((...))((.........))... , [][] ) , 759 )
( ( ....((...))((.((....))))... , [][] ) , 921 )
( ( ....(((....)))............. , [] ) , 89 )
( ( ....(((....)))....((...)).. , [][] ) , 537 )
( ( ....(((....)))...(((...))). , [][] ) , 428 )
( ( ....(((....)))...((.....)). , [][] ) , 461 )
( ( ....(((....)))((....))..... , [][] ) , 640 )
( ( ....(((....)))((.......)).. , [][] ) , 637 )
( ( ....((......))............. , [] ) , 241 )
( ( ....((......))....((...)).. , [][] ) , 689 )
( ( ....((......))...(((...))). , [][] ) , 580 )
( ( ....((......))...((.....)). , [][] ) , 613 )
( ( ....((......))((....))..... , [][] ) , 792 )
( ( ....((......))((.......)).. , [][] ) , 789 )
( ( ....(((...............))).. , [] ) , 227 )
( ( ....(((..((.........))))).. , [] ) , 536 )
( ( ....(((..((.((....))))))).. , [] ) , 435 )
( ( ....(((.....((......))))).. , [] ) , 540 )
( ( ....(((.......((....))))).. , [] ) , 671 )
( ( ....(((((....)).......))).. , [] ) , 640 )
( ( ....((((((......)))...))).. , [] ) , 157 )
( ( ....(((((........))...))).. , [] ) , 395 )
( ( ....(((((((...)).))...))).. , [] ) , 781 )
( ( ....(((.((......))....))).. , [] ) , 262 )
( ( ....(((..((...))......))).. , [] ) , 644 )
( ( ....(((..((.......))..))).. , [] ) , 277 )
( ( ....(((.....((....))..))).. , [] ) , 360 )
( ( ....((.................)).. , [] ) , 413 )
( ( ....((((....)).........)).. , [] ) , 1159 )
( ( ....(((((....))).......)).. , [] ) , 737 )
( ( ....((((......)).......)).. , [] ) , 792 )
( ( ....((((((......))))...)).. , [] ) , 130 )
( ( ....(((((........)))...)).. , [] ) , 368 )
( ( ....(((((((...)).)))...)).. , [] ) , 754 )
( ( ....((((..........))...)).. , [] ) , 638 )
( ( ....((((.((...))..))...)).. , [] ) , 1124 )
( ( ....((((............)).)).. , [] ) , 691 )
( ( ....((((.((.......)))).)).. , [] ) , 643 )
( ( ....((((....((....)))).)).. , [] ) , 787 )
( ( ....((((((......))..)).)).. , [] ) , 638 )
( ( ....((((.((...))....)).)).. , [] ) , 1049 )
( ( ....((.((....))........)).. , [] ) , 989 )
( ( ....((.(((......)))....)).. , [] ) , 437 )
( ( ....((.((........))....)).. , [] ) , 675 )
( ( ....((.((((...)).))....)).. , [] ) , 1061 )
( ( ....((..((......)).....)).. , [] ) , 600 )
( ( ....((...((...)).......)).. , [] ) , 961 )
( ( ....((...((.......))...)).. , [] ) , 553 )
( ( ....((...((.........)).)).. , [] ) , 804 )
( ( ....((...((.((....)))).)).. , [] ) , 703 )
( ( ....((......((....))...)).. , [] ) , 676 )
( ( ....((......((......)).)).. , [] ) , 890 )
( ( ....((........((....)).)).. , [] ) , 1016 )
( ( ....((((....))((....)).)).. , [[][]] ) , 1688 )
( ( ...(((...)))............... , [] ) , 191 )
( ( ...(((...)))......((...)).. , [][] ) , 639 )
( ( ...(((...))).....(((...))). , [][] ) , 530 )
( ( ...(((...))).....((.....)). , [][] ) , 563 )
( ( ...(((...)))..((....))..... , [][] ) , 742 )
( ( ...(((...)))..((.......)).. , [][] ) , 739 )
( ( ...(((...))).(((.......))). , [][] ) , 630 )
( ( ...(((...))).((.........)). , [][] ) , 741 )
( ( ...(((...)))((....))....... , [][] ) , 547 )
( ( ...(((...)))((......))..... , [][] ) , 672 )
( ( ...(((...)))((.........)).. , [][] ) , 1077 )
( ( ...(((...)))((((....)).)).. , [][] ) , 1235 )
( ( ...(((...)))((((.......)))) , [][] ) , 390 )
( ( ...(((...)))(((.........))) , [][] ) , 501 )
( ( ...(((...)))((...........)) , [][] ) , 650 )
( ( ...(((...)))((....((...)))) , [][] ) , 870 )
( ( ...(((...)))((((....))...)) , [][] ) , 932 )
( ( ...((.....))............... , [] ) , 224 )
( ( ...((.....))......((...)).. , [][] ) , 672 )
( ( ...((.....)).....(((...))). , [][] ) , 563 )
( ( ...((.....)).....((.....)). , [][] ) , 596 )
( ( ...((.....))..((....))..... , [][] ) , 775 )
( ( ...((.....))..((.......)).. , [][] ) , 772 )
( ( ...((.....)).(((.......))). , [][] ) , 663 )
( ( ...((.....)).((.........)). , [][] ) , 774 )
( ( ...((.....))((....))....... , [][] ) , 580 )
( ( ...((.....))((......))..... , [][] ) , 705 )
( ( ...((.....))((.........)).. , [][] ) , 1110 )
( ( ...((.....))((((....)).)).. , [][] ) , 1268 )
( ( ...((.....))((((.......)))) , [][] ) , 423 )
( ( ...((.....))(((.........))) , [][] ) , 534 )
( ( ...((.....))((...........)) , [][] ) , 683 )
( ( ...((.....))((....((...)))) , [][] ) , 903 )
( ( ...((.....))((((....))...)) , [][] ) , 965 )
( ( ...((..........)).......... , [] ) , 462 )
( ( ...((..........)).((...)).. , [][] ) , 910 )
( ( ...((..........))(((...))). , [][] ) , 801 )
( ( ...((..........))((.....)). , [][] ) , 834 )
( ( ...((..((....)))).......... , [] ) , 652 )
( ( ...((..((....)))).((...)).. , [][] ) , 1100 )
( ( ...((..((....))))(((...))). , [][] ) , 991 )
( ( ...((..((....))))((.....)). , [][] ) , 1024 )
( ( ...((((....))..)).......... , [] ) , 361 )
( ( ...((((....))..)).((...)).. , [][] ) , 809 )
( ( ...((((....))..))(((...))). , [][] ) , 700 )
( ( ...((((....))..))((.....)). , [][] ) , 733 )
( ( ...((.((....)).)).......... , [] ) , 722 )
( ( ...((.((....)).)).((...)).. , [][] ) , 1170 )
( ( ...((.((....)).))(((...))). , [][] ) , 1061 )
( ( ...((.((....)).))((.....)). , [][] ) , 1094 )
( ( ...((................)).... , [] ) , 515 )
( ( ...((((....))........)).... , [] ) , 557 )
( ( ...((.((....)).......)).... , [] ) , 1261 )
( ( ...((.(((....))).....)).... , [] ) , 724 )
( ( ...((.((......)).....)).... , [] ) , 779 )
( ( ...((.((((......)))).)).... , [] ) , -154 )
( ( ...((.(((........))).)).... , [] ) , 84 )
( ( ...((.(((((...)).))).)).... , [] ) , 470 )
( ( ...((.((..........)).)).... , [] ) , 354 )
( ( ...((.((.((...))..)).)).... , [] ) , 840 )
( ( ...((..((....))......)).... , [] ) , 866 )
( ( ...((..(((......)))..)).... , [] ) , 145 )
( ( ...((..((........))..)).... , [] ) , 383 )
( ( ...((..((((...)).))..)).... , [] ) , 769 )
( ( ...((...((......))...)).... , [] ) , 409 )
( ( ...((....((...)).....)).... , [] ) , 780 )
( ( ...((....((.......)).)).... , [] ) , 668 )
( ( ...((.......((....)).)).... , [] ) , 796 )
( ( ..((...)).................. , [] ) , 608 )
( ( ..((...)).........((...)).. , [][] ) , 1056 )
( ( ..((...))........(((...))). , [][] ) , 947 )
( ( ..((...))........((.....)). , [][] ) , 980 )
( ( ..((...)).....((....))..... , [][] ) , 1159 )
( ( ..((...)).....((.......)).. , [][] ) , 1156 )
( ( ..((...))....(((.......))). , [][] ) , 1047 )
( ( ..((...))....((.........)). , [][] ) , 1158 )
( ( ..((...))...((....))....... , [][] ) , 964 )
( ( ..((...))...((......))..... , [][] ) , 1089 )
( ( ..((...))...((.........)).. , [][] ) , 1494 )
( ( ..((...))...((((....)).)).. , [][] ) , 1652 )
( ( ..((...))...((((.......)))) , [][] ) , 807 )
( ( ..((...))...(((.........))) , [][] ) , 918 )
( ( ..((...))...((...........)) , [][] ) , 1067 )
( ( ..((...))...((....((...)))) , [][] ) , 1287 )
( ( ..((...))...((((....))...)) , [][] ) , 1349 )
( ( ..((...))..((.........))... , [][] ) , 919 )
( ( ..((...))..((.((....))))... , [][] ) , 1081 )
( ( ..((...))((...))........... , [][] ) , 1180 )
( ( ..((...))((...))..((...)).. , [][][] ) , 1628 )
( ( ..((...))((...)).(((...))). , [][][] ) , 1519 )
( ( ..((...))((...)).((.....)). , [][][] ) , 1552 )
( ( ..((...))((.......))....... , [][] ) , 1032 )
( ( ..((...))((.........))..... , [][] ) , 1208 )
( ( ..((...))((.((....))))..... , [][] ) , 1107 )
( ( ..((...))((............)).. , [][] ) , 1535 )
( ( ..((...))((.((....))...)).. , [][] ) , 1589 )
( ( ..((...))((.((......)).)).. , [][] ) , 1445 )
( ( ..((...))((...((....)).)).. , [][] ) , 1782 )
( ( ..((...))((..............)) , [][] ) , 1131 )
( ( ..((...))((.((.........)))) , [][] ) , 1566 )
( ( ..((...))((.((((....)).)))) , [][] ) , 1724 )
( ( ..((...))((...((.......)))) , [][] ) , 1346 )
( ( ..((...))((.......((...)))) , [][] ) , 1389 )
( ( ..((...))((((.........)).)) , [][] ) , 914 )
( ( ..((...))((((.((....)))).)) , [][] ) , 1076 )
( ( ..((...))((.((....)).....)) , [][] ) , 1292 )
( ( ..((...))((.((......))...)) , [][] ) , 1291 )
( ( ..((...))((...((....))...)) , [][] ) , 1281 )
( ( ..((((...)))).............. , [] ) , 115 )
( ( ..((((...)))).....((...)).. , [][] ) , 563 )
( ( ..((((...))))....(((...))). , [][] ) , 454 )
( ( ..((((...))))....((.....)). , [][] ) , 487 )
( ( ..((((...)))).((....))..... , [][] ) , 666 )
( ( ..((((...)))).((.......)).. , [][] ) , 663 )
( ( ..((((...))))(((.......))). , [][] ) , 554 )
( ( ..((((...))))((.........)). , [][] ) , 665 )
( ( ..(((.....))).............. , [] ) , 148 )
( ( ..(((.....))).....((...)).. , [][] ) , 596 )
( ( ..(((.....)))....(((...))). , [][] ) , 487 )
( ( ..(((.....)))....((.....)). , [][] ) , 520 )
( ( ..(((.....))).((....))..... , [][] ) , 699 )
( ( ..(((.....))).((.......)).. , [][] ) , 696 )
( ( ..(((.....)))(((.......))). , [][] ) , 587 )
( ( ..(((.....)))((.........)). , [][] ) , 698 )
( ( ..((.......)).............. , [] ) , 345 )
( ( ..((.......)).....((...)).. , [][] ) , 793 )
( ( ..((.......))....(((...))). , [][] ) , 684 )
( ( ..((.......))....((.....)). , [][] ) , 717 )
( ( ..((.......)).((....))..... , [][] ) , 896 )
( ( ..((.......)).((.......)).. , [][] ) , 893 )
( ( ..((.......))(((.......))). , [][] ) , 784 )
( ( ..((.......))((.........)). , [][] ) , 895 )
( ( ..((.........))............ , [] ) , 619 )
( ( ..((.........))...((...)).. , [][] ) , 1067 )
( ( ..((.........))..(((...))). , [][] ) , 958 )
( ( ..((.........))..((.....)). , [][] ) , 991 )
( ( ..((.((....))))............ , [] ) , 374 )
( ( ..((.((....))))...((...)).. , [][] ) , 822 )
( ( ..((.((....))))..(((...))). , [][] ) , 713 )
( ( ..((.((....))))..((.....)). , [][] ) , 746 )
( ( ..((((...))..))............ , [] ) , 757 )
( ( ..((((...))..))...((...)).. , [][] ) , 1205 )
( ( ..((((...))..))..(((...))). , [][] ) , 1096 )
( ( ..((((...))..))..((.....)). , [][] ) , 1129 )
( ( ..((.............))........ , [] ) , 637 )
( ( ..((((...))......))........ , [] ) , 922 )
( ( ..(((((....)))...))........ , [] ) , 439 )
( ( ..((((......))...))........ , [] ) , 591 )
( ( ..((.((....))....))........ , [] ) , 644 )
( ( ..((..((....))...))........ , [] ) , 1148 )
( ( ..((..(((....))).))........ , [] ) , 740 )
( ( ..((..((......)).))........ , [] ) , 795 )
( ( ..((...((....))..))........ , [] ) , 849 )
( ( ..((.....((...)).))........ , [] ) , 1080 )
( ( ..((...............))...... , [] ) , 487 )
( ( ..((...(((......)))))...... , [] ) , 377 )
( ( ..((...((........))))...... , [] ) , 615 )
( ( ..((...((((...)).))))...... , [] ) , 1001 )
( ( ..((((...))........))...... , [] ) , 800 )
( ( ..(((((....))).....))...... , [] ) , 368 )
( ( ..((((......)).....))...... , [] ) , 520 )
( ( ..((.((....))......))...... , [] ) , 610 )
( ( ..((..((....)).....))...... , [] ) , 1114 )
( ( ..((..(((....)))...))...... , [] ) , 560 )
( ( ..((..((......))...))...... , [] ) , 615 )
( ( ..((...((....))....))...... , [] ) , 713 )
( ( ..((....((......)).))...... , [] ) , 551 )
( ( ..((.....((...))...))...... , [] ) , 831 )
( ( ..(((................)))... , [] ) , 439 )
( ( ..(((((....))........)))... , [] ) , 481 )
( ( ..(((.((....)).......)))... , [] ) , 1185 )
( ( ..(((.(((....))).....)))... , [] ) , 648 )
( ( ..(((.((......)).....)))... , [] ) , 703 )
( ( ..(((.((((......)))).)))... , [] ) , -230 )
( ( ..(((.(((........))).)))... , [] ) , 8 )
( ( ..(((.(((((...)).))).)))... , [] ) , 394 )
( ( ..(((.((..........)).)))... , [] ) , 278 )
( ( ..(((.((.((...))..)).)))... , [] ) , 764 )
( ( ..(((..((....))......)))... , [] ) , 790 )
( ( ..(((..(((......)))..)))... , [] ) , 69 )
( ( ..(((..((........))..)))... , [] ) , 307 )
( ( ..(((..((((...)).))..)))... , [] ) , 693 )
( ( ..(((...((......))...)))... , [] ) , 333 )
( ( ..(((....((...)).....)))... , [] ) , 704 )
( ( ..(((....((.......)).)))... , [] ) , 592 )
( ( ..(((.......((....)).)))... , [] ) , 720 )
( ( ..((..................))... , [] ) , 471 )
( ( ..((..((............))))... , [] ) , 828 )
( ( ..((..((.((.......))))))... , [] ) , 780 )
( ( ..((..((....((....))))))... , [] ) , 924 )
( ( ..((..((((......))..))))... , [] ) , 775 )
( ( ..((..((.((...))....))))... , [] ) , 1186 )
( ( ..((.....((.........))))... , [] ) , 936 )
( ( ..((.....((.((....))))))... , [] ) , 835 )
( ( ..((........((......))))... , [] ) , 890 )
( ( ..((..........((....))))... , [] ) , 980 )
( ( ..((((...))...........))... , [] ) , 888 )
( ( ..(((((....)))........))... , [] ) , 498 )
( ( ..((((......))........))... , [] ) , 650 )
( ( ..((.((....)).........))... , [] ) , 755 )
( ( ..((..((....))........))... , [] ) , 1361 )
( ( ..((..(((....)))......))... , [] ) , 834 )
( ( ..((..((......))......))... , [] ) , 889 )
( ( ..((..((((......))))..))... , [] ) , 129 )
( ( ..((..(((........)))..))... , [] ) , 367 )
( ( ..((..(((((...)).)))..))... , [] ) , 753 )
( ( ..((..((..........))..))... , [] ) , 637 )
( ( ..((..((.((...))..))..))... , [] ) , 1123 )
( ( ..((...((....)).......))... , [] ) , 966 )
( ( ..((...(((......)))...))... , [] ) , 367 )
( ( ..((...((........))...))... , [] ) , 605 )
( ( ..((...((((...)).))...))... , [] ) , 991 )
( ( ..((....((......))....))... , [] ) , 519 )
( ( ..((.....((...))......))... , [] ) , 880 )
( ( ..((.....((.......))..))... , [] ) , 789 )
( ( ..((........((....))..))... , [] ) , 896 )
( ( ..((..((....))((....))))... , [[][]] ) , 1752 )
( ( ..((.((....)).((....))))... , [[][]] ) , 1177 )
( ( ..((((...))...((....))))... , [[][]] ) , 1396 )
( ( ..((((...)).((......))))... , [[][]] ) , 1326 )
( ( ..((((...)).((....))..))... , [[][]] ) , 1201 )
( ( ..(((((....)))((....))))... , [[][]] ) , 1037 )
( ( ..((((......))((....))))... , [[][]] ) , 1189 )
( ( ..((....................)). , [] ) , 707 )
( ( ..((.((...............)))). , [] ) , 512 )
( ( ..((.((..((.........)))))). , [] ) , 821 )
( ( ..((.((..((.((....)))))))). , [] ) , 720 )
( ( ..((.((.....((......)))))). , [] ) , 825 )
( ( ..((.((.......((....)))))). , [] ) , 956 )
( ( ..((.((((....)).......)))). , [] ) , 925 )
( ( ..((.(((((......)))...)))). , [] ) , 442 )
( ( ..((.((((........))...)))). , [] ) , 680 )
( ( ..((.((((((...)).))...)))). , [] ) , 1066 )
( ( ..((.((.((......))....)))). , [] ) , 547 )
( ( ..((.((..((...))......)))). , [] ) , 929 )
( ( ..((.((..((.......))..)))). , [] ) , 562 )
( ( ..((.((.....((....))..)))). , [] ) , 645 )
( ( ..((.......((.........)))). , [] ) , 804 )
( ( ..((.......((.((....)))))). , [] ) , 966 )
( ( ..((((...)).............)). , [] ) , 1003 )
( ( ..(((((....)))..........)). , [] ) , 614 )
( ( ..((((......))..........)). , [] ) , 766 )
( ( ..((.((....))...........)). , [] ) , 772 )
( ( ..((..((....))..........)). , [] ) , 1378 )
( ( ..((..(((....)))........)). , [] ) , 948 )
( ( ..((..((......))........)). , [] ) , 1003 )
( ( ..((..((((......))))....)). , [] ) , 227 )
( ( ..((..(((........)))....)). , [] ) , 465 )
( ( ..((..(((((...)).)))....)). , [] ) , 851 )
( ( ..((..((..........))....)). , [] ) , 735 )
( ( ..((..((.((...))..))....)). , [] ) , 1221 )
( ( ..((..((............))..)). , [] ) , 827 )
( ( ..((..((.((.......))))..)). , [] ) , 779 )
( ( ..((..((....((....))))..)). , [] ) , 923 )
( ( ..((..((((......))..))..)). , [] ) , 774 )
( ( ..((..((.((...))....))..)). , [] ) , 1185 )
( ( ..((...((....)).........)). , [] ) , 1079 )
( ( ..((...(((......))).....)). , [] ) , 497 )
( ( ..((...((........)).....)). , [] ) , 735 )
( ( ..((...((((...)).)).....)). , [] ) , 1121 )
( ( ..((....((......))......)). , [] ) , 639 )
( ( ..((.....((...))........)). , [] ) , 997 )
( ( ..((.....((.......))....)). , [] ) , 704 )
( ( ..((.....((.........))..)). , [] ) , 966 )
( ( ..((.....((.((....))))..)). , [] ) , 865 )
( ( ..((........((....))....)). , [] ) , 817 )
( ( ..((........((......))..)). , [] ) , 1025 )
( ( ..((..........((....))..)). , [] ) , 1106 )
( ( ..((..((....))((....))..)). , [[][]] ) , 1848 )
( ( ..((.((....)).((....))..)). , [[][]] ) , 1273 )
( ( ..((((...))...((....))..)). , [[][]] ) , 1492 )
( ( ..((((...)).((....))....)). , [[][]] ) , 1297 )
( ( ..((((...)).((......))..)). , [[][]] ) , 1422 )
( ( ..((((...))((.........)))). , [[][]] ) , 1252 )
( ( ..((((...))((.((....)))))). , [[][]] ) , 1414 )
( ( ..(((((....)))((....))..)). , [[][]] ) , 1133 )
( ( ..((((......))((....))..)). , [[][]] ) , 1285 )
( ( .(((...)))................. , [] ) , 376 )
( ( .(((...)))........((...)).. , [][] ) , 824 )
( ( .(((...))).......(((...))). , [][] ) , 715 )
( ( .(((...))).......((.....)). , [][] ) , 748 )
( ( .(((...)))....((....))..... , [][] ) , 927 )
( ( .(((...)))....((.......)).. , [][] ) , 924 )
( ( .(((...)))...(((.......))). , [][] ) , 815 )
( ( .(((...)))...((.........)). , [][] ) , 926 )
( ( .(((...)))..((....))....... , [][] ) , 732 )
( ( .(((...)))..((......))..... , [][] ) , 857 )
( ( .(((...)))..((.........)).. , [][] ) , 1262 )
( ( .(((...)))..((((....)).)).. , [][] ) , 1420 )
( ( .(((...)))..((((.......)))) , [][] ) , 575 )
( ( .(((...)))..(((.........))) , [][] ) , 686 )
( ( .(((...)))..((...........)) , [][] ) , 835 )
( ( .(((...)))..((....((...)))) , [][] ) , 1055 )
( ( .(((...)))..((((....))...)) , [][] ) , 1117 )
( ( .(((...))).((.........))... , [][] ) , 687 )
( ( .(((...))).((.((....))))... , [][] ) , 849 )
( ( .((.....))................. , [] ) , 397 )
( ( .((.....))........((...)).. , [][] ) , 845 )
( ( .((.....)).......(((...))). , [][] ) , 736 )
( ( .((.....)).......((.....)). , [][] ) , 769 )
( ( .((.....))....((....))..... , [][] ) , 948 )
( ( .((.....))....((.......)).. , [][] ) , 945 )
( ( .((.....))...(((.......))). , [][] ) , 836 )
( ( .((.....))...((.........)). , [][] ) , 947 )
( ( .((.....))..((....))....... , [][] ) , 753 )
( ( .((.....))..((......))..... , [][] ) , 878 )
( ( .((.....))..((.........)).. , [][] ) , 1283 )
( ( .((.....))..((((....)).)).. , [][] ) , 1441 )
( ( .((.....))..((((.......)))) , [][] ) , 596 )
( ( .((.....))..(((.........))) , [][] ) , 707 )
( ( .((.....))..((...........)) , [][] ) , 856 )
( ( .((.....))..((....((...)))) , [][] ) , 1076 )
( ( .((.....))..((((....))...)) , [][] ) , 1138 )
( ( .((.....)).((.........))... , [][] ) , 708 )
( ( .((.....)).((.((....))))... , [][] ) , 870 )
( ( ((....))................... , [] ) , 318 )
( ( ((....))..........((...)).. , [][] ) , 766 )
( ( ((....)).........(((...))). , [][] ) , 657 )
( ( ((....)).........((.....)). , [][] ) , 690 )
( ( ((....))......((....))..... , [][] ) , 869 )
( ( ((....))......((.......)).. , [][] ) , 866 )
( ( ((....)).....(((.......))). , [][] ) , 757 )
( ( ((....)).....((.........)). , [][] ) , 868 )
( ( ((....))....((....))....... , [][] ) , 674 )
( ( ((....))....((......))..... , [][] ) , 799 )
( ( ((....))....((.........)).. , [][] ) , 1204 )
( ( ((....))....((((....)).)).. , [][] ) , 1362 )
( ( ((....))....((((.......)))) , [][] ) , 517 )
( ( ((....))....(((.........))) , [][] ) , 628 )
( ( ((....))....((...........)) , [][] ) , 777 )
( ( ((....))....((....((...)))) , [][] ) , 997 )
( ( ((....))....((((....))...)) , [][] ) , 1059 )
( ( ((....))...((.........))... , [][] ) , 629 )
( ( ((....))...((.((....))))... , [][] ) , 791 )
( ( ((....)).((...))........... , [][] ) , 890 )
( ( ((....)).((...))..((...)).. , [][][] ) , 1338 )
( ( ((....)).((...)).(((...))). , [][][] ) , 1229 )
( ( ((....)).((...)).((.....)). , [][][] ) , 1262 )
( ( ((....)).((.......))....... , [][] ) , 742 )
( ( ((....)).((.........))..... , [][] ) , 918 )
( ( ((....)).((.((....))))..... , [][] ) , 817 )
( ( ((....)).((............)).. , [][] ) , 1245 )
( ( ((....)).((.((....))...)).. , [][] ) , 1299 )
( ( ((....)).((.((......)).)).. , [][] ) , 1155 )
( ( ((....)).((...((....)).)).. , [][] ) , 1492 )
( ( ((....)).((..............)) , [][] ) , 841 )
( ( ((....)).((.((.........)))) , [][] ) , 1276 )
( ( ((....)).((.((((....)).)))) , [][] ) , 1434 )
( ( ((....)).((...((.......)))) , [][] ) , 1056 )
( ( ((....)).((.......((...)))) , [][] ) , 1099 )
( ( ((....)).((((.........)).)) , [][] ) , 624 )
( ( ((....)).((((.((....)))).)) , [][] ) , 786 )
( ( ((....)).((.((....)).....)) , [][] ) , 1002 )
( ( ((....)).((.((......))...)) , [][] ) , 1001 )
( ( ((....)).((...((....))...)) , [][] ) , 991 )
( ( ((....))((......))......... , [][] ) , 607 )
( ( ((....))((......))((...)).. , [][][] ) , 1055 )
( ( ((((...))))................ , [] ) , 236 )
( ( ((((...)))).......((...)).. , [][] ) , 684 )
( ( ((((...))))......(((...))). , [][] ) , 575 )
( ( ((((...))))......((.....)). , [][] ) , 608 )
( ( ((((...))))...((....))..... , [][] ) , 787 )
( ( ((((...))))...((.......)).. , [][] ) , 784 )
( ( ((((...))))..(((.......))). , [][] ) , 675 )
( ( ((((...))))..((.........)). , [][] ) , 786 )
( ( ((((...)))).((....))....... , [][] ) , 592 )
( ( ((((...)))).((......))..... , [][] ) , 717 )
( ( ((((...)))).((.........)).. , [][] ) , 1122 )
( ( ((((...)))).((((....)).)).. , [][] ) , 1280 )
( ( ((((...)))).((((.......)))) , [][] ) , 435 )
( ( ((((...)))).(((.........))) , [][] ) , 546 )
( ( ((((...)))).((...........)) , [][] ) , 695 )
( ( ((((...)))).((....((...)))) , [][] ) , 915 )
( ( ((((...)))).((((....))...)) , [][] ) , 977 )
( ( ((((...))))((.........))... , [][] ) , 547 )
( ( ((((...))))((.((....))))... , [][] ) , 709 )
( ( (((.....)))................ , [] ) , 257 )
( ( (((.....))).......((...)).. , [][] ) , 705 )
( ( (((.....)))......(((...))). , [][] ) , 596 )
( ( (((.....)))......((.....)). , [][] ) , 629 )
( ( (((.....)))...((....))..... , [][] ) , 808 )
( ( (((.....)))...((.......)).. , [][] ) , 805 )
( ( (((.....)))..(((.......))). , [][] ) , 696 )
( ( (((.....)))..((.........)). , [][] ) , 807 )
( ( (((.....))).((....))....... , [][] ) , 613 )
( ( (((.....))).((......))..... , [][] ) , 738 )
( ( (((.....))).((.........)).. , [][] ) , 1143 )
( ( (((.....))).((((....)).)).. , [][] ) , 1301 )
( ( (((.....))).((((.......)))) , [][] ) , 456 )
( ( (((.....))).(((.........))) , [][] ) , 567 )
( ( (((.....))).((...........)) , [][] ) , 716 )
( ( (((.....))).((....((...)))) , [][] ) , 936 )
( ( (((.....))).((((....))...)) , [][] ) , 998 )
( ( (((.....)))((.........))... , [][] ) , 568 )
( ( (((.....)))((.((....))))... , [][] ) , 730 )
( ( ((.......))................ , [] ) , 320 )
( ( ((.......)).......((...)).. , [][] ) , 768 )
( ( ((.......))......(((...))). , [][] ) , 659 )
( ( ((.......))......((.....)). , [][] ) , 692 )
( ( ((.......))...((....))..... , [][] ) , 871 )
( ( ((.......))...((.......)).. , [][] ) , 868 )
( ( ((.......))..(((.......))). , [][] ) , 759 )
( ( ((.......))..((.........)). , [][] ) , 870 )
( ( ((.......)).((....))....... , [][] ) , 676 )
( ( ((.......)).((......))..... , [][] ) , 801 )
( ( ((.......)).((.........)).. , [][] ) , 1206 )
( ( ((.......)).((((....)).)).. , [][] ) , 1364 )
( ( ((.......)).((((.......)))) , [][] ) , 519 )
( ( ((.......)).(((.........))) , [][] ) , 630 )
( ( ((.......)).((...........)) , [][] ) , 779 )
( ( ((.......)).((....((...)))) , [][] ) , 999 )
( ( ((.......)).((((....))...)) , [][] ) , 1061 )
( ( ((.......))((.........))... , [][] ) , 631 )
( ( ((.......))((.((....))))... , [][] ) , 793 )
( ( ((..........))............. , [] ) , 410 )
( ( ((..........))....((...)).. , [][] ) , 858 )
( ( ((..........))...(((...))). , [][] ) , 749 )
( ( ((..........))...((.....)). , [][] ) , 782 )
( ( ((..........))((....))..... , [][] ) , 961 )
( ( ((..........))((.......)).. , [][] ) , 958 )
( ( ((.(((...)))))............. , [] ) , 230 )
( ( ((.(((...)))))....((...)).. , [][] ) , 678 )
( ( ((.(((...)))))...(((...))). , [][] ) , 569 )
( ( ((.(((...)))))...((.....)). , [][] ) , 602 )
( ( ((.(((...)))))((....))..... , [][] ) , 781 )
( ( ((.(((...)))))((.......)).. , [][] ) , 778 )
( ( ((.((.....))))............. , [] ) , 263 )
( ( ((.((.....))))....((...)).. , [][] ) , 711 )
( ( ((.((.....))))...(((...))). , [][] ) , 602 )
( ( ((.((.....))))...((.....)). , [][] ) , 635 )
( ( ((.((.....))))((....))..... , [][] ) , 814 )
( ( ((.((.....))))((.......)).. , [][] ) , 811 )
( ( ((((...))...))............. , [] ) , 798 )
( ( ((((...))...))....((...)).. , [][] ) , 1246 )
( ( ((((...))...))...(((...))). , [][] ) , 1137 )
( ( ((((...))...))...((.....)). , [][] ) , 1170 )
( ( ((((...))...))((....))..... , [][] ) , 1349 )
( ( ((((...))...))((.......)).. , [][] ) , 1346 )
( ( ((..((...)).))............. , [] ) , 783 )
( ( ((..((...)).))....((...)).. , [][] ) , 1231 )
( ( ((..((...)).))...(((...))). , [][] ) , 1122 )
( ( ((..((...)).))...((.....)). , [][] ) , 1155 )
( ( ((..((...)).))((....))..... , [][] ) , 1334 )
( ( ((..((...)).))((.......)).. , [][] ) , 1331 )
( ( ((.....................)).. , [] ) , 493 )
( ( ((.((................)))).. , [] ) , 554 )
( ( ((.((((....))........)))).. , [] ) , 596 )
( ( ((.((.((....)).......)))).. , [] ) , 1300 )
( ( ((.((.(((....))).....)))).. , [] ) , 763 )
( ( ((.((.((......)).....)))).. , [] ) , 818 )
( ( ((.((.((((......)))).)))).. , [] ) , -115 )
( ( ((.((.(((........))).)))).. , [] ) , 123 )
( ( ((.((.(((((...)).))).)))).. , [] ) , 509 )
( ( ((.((.((..........)).)))).. , [] ) , 393 )
( ( ((.((.((.((...))..)).)))).. , [] ) , 879 )
( ( ((.((..((....))......)))).. , [] ) , 905 )
( ( ((.((..(((......)))..)))).. , [] ) , 184 )
( ( ((.((..((........))..)))).. , [] ) , 422 )
( ( ((.((..((((...)).))..)))).. , [] ) , 808 )
( ( ((.((...((......))...)))).. , [] ) , 448 )
( ( ((.((....((...)).....)))).. , [] ) , 819 )
( ( ((.((....((.......)).)))).. , [] ) , 707 )
( ( ((.((.......((....)).)))).. , [] ) , 835 )
( ( ((((...))..............)).. , [] ) , 1011 )
( ( ((((((...))))..........)).. , [] ) , 480 )
( ( (((((.....)))..........)).. , [] ) , 513 )
( ( ((((.......))..........)).. , [] ) , 710 )
( ( ((((.........))........)).. , [] ) , 964 )
( ( ((((.((....))))........)).. , [] ) , 719 )
( ( ((((((...))..))........)).. , [] ) , 1102 )
( ( ((((.............))....)).. , [] ) , 868 )
( ( ((((((...))......))....)).. , [] ) , 1153 )
( ( (((((((....)))...))....)).. , [] ) , 670 )
( ( ((((((......))...))....)).. , [] ) , 822 )
( ( ((((.((....))....))....)).. , [] ) , 875 )
( ( ((((..((....))...))....)).. , [] ) , 1379 )
( ( ((((..(((....))).))....)).. , [] ) , 971 )
( ( ((((..((......)).))....)).. , [] ) , 1026 )
( ( ((((...((....))..))....)).. , [] ) , 1080 )
( ( ((((.....((...)).))....)).. , [] ) , 1311 )
( ( ((((...............))..)).. , [] ) , 636 )
( ( ((((...(((......)))))..)).. , [] ) , 526 )
( ( ((((...((........))))..)).. , [] ) , 764 )
( ( ((((...((((...)).))))..)).. , [] ) , 1150 )
( ( ((((((...))........))..)).. , [] ) , 949 )
( ( (((((((....))).....))..)).. , [] ) , 517 )
( ( ((((((......)).....))..)).. , [] ) , 669 )
( ( ((((.((....))......))..)).. , [] ) , 759 )
( ( ((((..((....)).....))..)).. , [] ) , 1263 )
( ( ((((..(((....)))...))..)).. , [] ) , 709 )
( ( ((((..((......))...))..)).. , [] ) , 764 )
( ( ((((...((....))....))..)).. , [] ) , 862 )
( ( ((((....((......)).))..)).. , [] ) , 700 )
( ( ((((.....((...))...))..)).. , [] ) , 980 )
( ( ((.(((...)))...........)).. , [] ) , 682 )
( ( ((.((.....))...........)).. , [] ) , 715 )
( ( ((.((..........))......)).. , [] ) , 783 )
( ( ((.((..((....))))......)).. , [] ) , 973 )
( ( ((.((((....))..))......)).. , [] ) , 682 )
( ( ((.((.((....)).))......)).. , [] ) , 1043 )
( ( ((..((...))............)).. , [] ) , 954 )
( ( ((..(((....))).........)).. , [] ) , 478 )
( ( ((..((......)).........)).. , [] ) , 630 )
( ( ((...((....))..........)).. , [] ) , 714 )
( ( ((....((....)).........)).. , [] ) , 1275 )
( ( ((....(((....))).......)).. , [] ) , 745 )
( ( ((....((......)).......)).. , [] ) , 800 )
( ( ((....((((......))))...)).. , [] ) , 131 )
( ( ((....(((........)))...)).. , [] ) , 369 )
( ( ((....(((((...)).)))...)).. , [] ) , 755 )
( ( ((....((..........))...)).. , [] ) , 639 )
( ( ((....((.((...))..))...)).. , [] ) , 1125 )
( ( ((....((............)).)).. , [] ) , 873 )
( ( ((....((.((.......)))).)).. , [] ) , 825 )
( ( ((....((....((....)))).)).. , [] ) , 969 )
( ( ((....((((......))..)).)).. , [] ) , 820 )
( ( ((....((.((...))....)).)).. , [] ) , 1231 )
( ( ((.....((....))........)).. , [] ) , 874 )
( ( ((.....(((......)))....)).. , [] ) , 390 )
( ( ((.....((........))....)).. , [] ) , 628 )
( ( ((.....((((...)).))....)).. , [] ) , 1014 )
( ( ((......((......)).....)).. , [] ) , 532 )
( ( ((.......((...)).......)).. , [] ) , 787 )
( ( ((.......((.......))...)).. , [] ) , 802 )
( ( ((.......((.........)).)).. , [] ) , 1057 )
( ( ((.......((.((....)))).)).. , [] ) , 956 )
( ( ((..........((....))...)).. , [] ) , 855 )
( ( ((..........((......)).)).. , [] ) , 969 )
( ( ((............((....)).)).. , [] ) , 1048 )
( ( ((....((....))((....)).)).. , [[][]] ) , 1688 )
( ( ((...((....)).((....)).)).. , [[][]] ) , 1113 )
( ( ((..((...))...((....)).)).. , [[][]] ) , 1332 )
( ( ((..((...)).((....))...)).. , [[][]] ) , 1137 )
( ( ((..((...)).((......)).)).. , [[][]] ) , 1262 )
( ( ((..(((....)))((....)).)).. , [[][]] ) , 973 )
( ( ((..((......))((....)).)).. , [[][]] ) , 1125 )
( ( ((.(((...)))..((....)).)).. , [[][]] ) , 1075 )
( ( ((.(((...)))((....))...)).. , [[][]] ) , 880 )
( ( ((.(((...)))((......)).)).. , [[][]] ) , 1005 )
( ( ((.((.....))..((....)).)).. , [[][]] ) , 1108 )
( ( ((.((.....))((....))...)).. , [[][]] ) , 913 )
( ( ((.((.....))((......)).)).. , [[][]] ) , 1038 )
( ( ((((...)).....((....)).)).. , [[][]] ) , 1492 )
( ( ((((...))...((....))...)).. , [[][]] ) , 1297 )
( ( ((((...))...((......)).)).. , [[][]] ) , 1422 )
( ( ((((...))((...)).......)).. , [[][]] ) , 1513 )
( ( ((((...))((.......))...)).. , [[][]] ) , 1365 )
( ( ((((...))((.........)).)).. , [[][]] ) , 1541 )
( ( ((((...))((.((....)))).)).. , [[][]] ) , 1440 )
( ( ((((((...)))).((....)).)).. , [[][]] ) , 999 )
( ( (((((.....))).((....)).)).. , [[][]] ) , 1032 )
( ( ((((.......)).((....)).)).. , [[][]] ) , 1229 )

