Answer: 
( ( -3720.8 = -3720.8 + 0 ) , ..((((((........))))))......................(((((......(((((....)))))......)))))(((.......................................((.....)))))((((((((....))))))))....................... )
