Answer: 
( ( -3974.7 = -3974.7 + 0 ) , .((((((.((.....((.((((((((((..........)))))))...))).))...)).))))))........(((((.(((.((((.....((((((((((.............)))).))))))......)))).))))))))...... )
