Answer: 
( 1.11955e+47 , ( ( [[_[]_]_][_[_[_[_[[_[[]_]][[_[_[[[]_]_]]][_[_[[_[_[]_]_]_]_]_]]]]_]_]_][_[_[_[_[]_]]]_] , -10793 ) , ..((((((..(......)..))).)))(((((((...(((((....((.....((((.((((((((.....(((((.....).)))))))).((((((((((.(.(((((((((....))).)).)))))))))............(.(((....((((((((.....((((.....((((((.....))))))..)))).)).))))))..))).)..........))))))...))))))))..))....))))).)))))))(((((...(((.(.((.....(((((((......)))))))...))))))..)))))........ ) )
( 1.11955e+47 , ( ( [[_[]_]_][_[_[_[[_[_[_[[[[]_]_][[_[_[[[]_]_]]][_[_[[_[_[]_]]_]_]]]]]]_]_]_]]][_[_[_[_[]_]]_]_] , -11310 ) , .(((((((..(......)..))).))))((((((..((((((.(.(((.....((((.(((((.(........((((((....).).)))).(((((((((.((.(((((((((....))).)).)))))))))..........(((.(((....((((((((....(((((.....(((((.......)))))..)))))))).)))))..)))))).........)))))).))))))))))..)).).))))))))))))).(((((...(((...((..((.(((((((......))))))).)))).)))..)))))........ ) )
( 1.11955e+47 , ( ( [[_[]][_[_[_[[_[[]_]][_[_[[_[_[[[]_]_]]][_[_[[_[_[]_]]_]_]]]_]_]]_]_]][_[_[_[_[_[]_]_]]_]_]] , -11103 ) , .....((....((.((((...))))))(((((((..((((((...(((.....((((((.((((((.....)))).))))...(((...(..(((((((((.((.(((((((((....))).)).)))))))))..........(((.(((....((((((((....(((((.....((((((.....))))))..))))))).))))))..)))))).........))))))..).)))))))..)))...)))))))))))))(((((...(((...((.(...((..((((....))))..))..))).)))..)))))...))... ) )
( 1.11955e+47 , ( ( [[_[]_]_][_[_[_[_[_[[_[[[]_]_]_][[_[_[[[]_]_]]][_[_[_[[_[_[]_]]_]_]_]_]]]]_]_]_]_][_[_[_[_[]_]]_]_] , -11371 ) , .(((((((..(......)..))).))))((((((...(((((...(...(((.((((.((((((((....(((((....).).))).)))).(((((((((.((.(((((((((....))).)).)))))))))...((....(....(((....((((((((....(((((.....((((((.....))))))..))))))).))))))..))).)....))....))))))...)))))))).)))..).))))).)))))).(((((...(((...((..((.((((((((....)))))))).)))).)))..)))))........ ) )
( 1.11955e+47 , ( ( [[_[]_]_][_[_[_[_[_[_[[_[[_[]_]_]_][[_[_[[[]_]_]]][_[_[[_[_[]_]]_]_]]]]]_]_]]]][_[_[_[_[]_]]_]_] , -11318 ) , .(((((((..(......)..))).))))((((((..(((((.((.(...(((.((((.((((((((.(((.(((....))).)).).)))..(((((((((.((.(((((((((....))).)).)))))))))..........(((.(((....((((((((....(((((.....((((((.....))))))..)))))))).)))))..)))))).........))))))..))))))))).)))..)))))))))))))).(((((...(((...(.((...((((((((....))))))))..))).)))..)))))........ ) )
( 1.11955e+47 , ( ( [[_[_[_[_[[_[_[]_]_][[_[_[[[]_]_]]][_[_[[_[_[]_]]_]_]]]]]_]_]][_[_[_[]_]_]_]] , -11426 ) , ......................((((((((((((..((((((...(((.....((((.((((((((.(...((......))....).)))).(((((((((.((.(((((((((....))).)).)))))))))..........(((.(((....((((((((....(((((.....((((((.....))))))..)))))))).)))))..)))))).........))))))...))))))))..)))...)))))))))))))(((((...((....((.....((((((((....))))))))...))..))..))))).))))).. ) )
( 1.11955e+47 , ( ( [_[_[_[_[_[_[_[_[_[[_[_[]_]_][[_[_[[[]_]_]]][_[_[[_[_[]_]]_]_]]]]]_]_]]_]_]_]_]_][_[_[[]_]_]_] , -11581 ) , ..((.((((...((..(((...((((.(((((((..((((((.......(((.((((.((((((((.((..(((....))).))...)))).((((((((((.(.(((((((((....))).)).)))))))))..........(((.(((....((((((((....(((((.....((((((.....))))))..)))))))).)))))..)))))).........))))))...)))))))).)))....))))))))))))).))))...)))..)).)))).))...(((.(..((((((((.......).)))))))..).))). ) )
( 1.11955e+47 , ( ( [][_[_[[_[_[_[_[_[_[[_[[_[_[_[[[]_]_]]]][][[_[_[]_]]_]]_]_]]_]_]]]_]_]_]][_[_[_[]_]_]_] , -11435 ) , ............((((((...))))))(((((((..((((((...(((.....((((.(((((.(..((..(((.(((((..(((........((((.((((.(.(((((((((....))).)).)))))))))))))...(((....)))....((((((((....(((((.....((((((.....))))))..))))))).))))))))).))).)))))........)).))))))))))..)).)..)))))))))))))(((((...(((...((.....((((((((....))))))))...)).)))..)))))........ ) )
( 1.11955e+47 , ( ( [][[_[_[_[[_[_[_[_[[_[[[_[_[[[]_]_]]]_][][[_[_[]_]]_]]_]_]]_]_]_]_]_]_]][_[_[_[_[]_]]]_]] , -11234 ) , .....(((.....)))......((((((((((((..((((((...(((...(((((((..(((..(.....(((.(((((..(((...........(((((.((.(((((((((....))).)).))))))))).))....(((....)))....((((((((....(((((.....((((((.....))))))..))))))).))))))))).))).))))).)..)))..)))).)))......)))...)))))))))))).(((((...(((.(.((.....((((((((....))))))))...))))))..))))))))))).. ) )
( 1.11955e+47 , ( ( [_[_[_[_[_[_[_[_[_[[_[[]_]][_[_[[_[_[[[]_]_]]][_[_[[_[_[]_]]_]_]]]_]_]]_]_]_]]_]_]_]_]_][_[_[]_]_] , -11392 ) , ..((.((((...((..(((...((((.(((((((..((((((...(...(((.((((((.((((((.....)))).))))).((((...(..((((((((((.(.(((((((((....))).)).)))))))))..........(((.(((....((((((((....(((((.....((((((.....))))))..)))))))).)))))..)))))).........))))))..).))))))).))).)..))))))))))))).))))...)))..)).)))).))...(((.(..(((((((..........)))))))..).))). ) )
