Answer: 
( 7.00306e+55 , ( ( [][[_[[_[]][]]][[_[_[_[[[]_]_]]]][[[][]][_[]_]]][_[_[_[]_]_]_]] , -11953 ) , .....((.......))......((((((((((.((((((.((((((....))))))))))..((((.....)))).....)))))).(((((..(((.(((.((.(((((((((....))).)).)))))))))))).......((((((((...((((((..(((.....)))...((((((.....))))))..........))))))(((..((.........))...))).............)))))))).....)))))(((((...(((...((.....((((((((....))))))))...)).)))..))))))))))).. ) )
( 7.00306e+55 , ( ( [][_[[_[]_][_[[[[_[_[_[[[]_]_]]]][[[_[_[]_]]_][_[]_]]]_][_[]_]]_]]] , -12166 ) , .....(((.....)))......((((((.((..((((((...(((((((.....))))))).))))))....(((((.(((.((((((((((.(((.((((.((.(((((((((....))).)).)))))))))))))......((((((.....((((((((....(((((.....(((((.......)))))..)))))))).)))))(((..(((......)))....)))...............)))))).....))))))).)))........((.....((((((((....))))))))...))))).))))))))))))).. ) )
( 7.00306e+55 , ( ( [][[_[_[[][_[[]_]]]_]_][_[[_[_[_[[][[[_[_[]_]]_][]]]_]_]_][[][]]]_]] , -13248 ) , .....(((.....)))......(((((((.((((..((((((((((....)))))((((.((((((.....)))).))))))...)))))..)))).)))((((...(((((((.((..((((..((.....(((.........)))(((((((.((((((((....(((((.....(((((.......)))))..)))))))).)))))....((....)))))))))...)).))))..)).))).....((((..(((((((........)))))))......((((((((....)))))))).))))..)))).))))..)))).. ) )
( 7.00306e+55 , ( ( [[[_[[][_[[]_]]]_][[_[[[]_]_]_]_]][[[_[_[]_]]_][_[]]]][_[_[_[_[_[]_]_]_]_]_] , -12458 ) , .................((.....((((..((((..((((((((((....)))))((((.(((((.......))).))))))...)))))..))))((((((...(((((((((....))).)).)))).)))).))...))))((((((((...((((((((....(((((.....((((((.....))))))..))))))).)))))).....((.((............))))...........))))))))..)).((((.(((((...(((...((.....((..((((....))))..))...)).)))..)))))...)))). ) )
( 7.00306e+55 , ( ( [][[_[_[[][_[[]_]]]_]_][_[[_[_[_[[][[_[_[_[]_]]_][]]]_]_]_][[][]]]_]] , -13214 ) , .....(((.....)))......(((((((.((((..((((((((((....)))))((((.((((((.....)))).))))))...)))))..)))).)))((((...(((((((.((..((((..((.....(((.........)))(((((((.((((((...(((.((((.....((((((.....))))))..))))))).))))))....((....)))))))))...)).))))..)).)))....(((((..(((((((........)))))))......((((((((....)))))))).))))).)))).))))..)))).. ) )
( 7.00306e+55 , ( ( [][[_[_[[][_[[]_]]]_]_][_[[_[_[[][_[_[_[[[_[_[]_]]_][]]]_]]]_]_][[][]]]_]] , -12867 ) , .....(((.....)))......(((((((.((((..((((((((((....)))))((((.((((((.....)))).))))))...)))))..)))).)))((((...(((((((.((..((((..((...))((.((..........(((((.((((((((((....(((((.....((((((.....))))))..)))))))).))))((........))))))))))..))))))))..)).))).....((((..(((((((........)))))))......((((((((....)))))))).))))..)))).))))..)))).. ) )
( 7.00306e+55 , ( ( [[_[_[[][_[[]_]]]_]_][_[[_[_[_[[][[_[_[]_]_][]]]_]_]_][[][_[]_]]]_]] , -12608 ) , ......................(((((((.((((..((((((((((....)))))((((.((((((.....)))).))))))...)))))..)))).)))((((...(((((((.((..((((..((.....((.......)).....(((((...(((((......(((((.....(((((.......)))))..)))))...)))))((........))..)))))....)).))))..)).)))....(((((..(((((((........)))))))......((..((((....))))..)).))))).)))).))))..)))).. ) )
( 7.00306e+55 , ( ( [[_[_[[][_[[]_]]]_]_][_[[_[_[]_]_][[[_[_[]_]]_][]][_[]_][[][]]]_]] , -13037 ) , ......................(((((((.((((..((((((((((....)))))((((.(((((.......))).))))))...)))))..)))).)))((((...((((.(((((....((..((...))...)).....)))))(((((((.((((((((....(((((.....((((((.....))))))..))))))).))))))....((....)))))))))..((...(((......)))..))((((..(((((((........)))))))......((((((((....)))))))).))))..)))).))))..)))).. ) )
( 7.00306e+55 , ( ( [][[_[_[[][_[[]_]]]_]_][_[[_[_[_[[][[[_[_[]_]]_][]]]_]_]_][[][]]]_]] , -12909 ) , .....(((.....)))......(((((((.((((..((((.(((((....)))))((((.(((((.......))).))))))....))))..)))).)))((((...(((((((.((..((((..((.....(((.........))).((((((.((((((((....(((((.....((((((.....))))))..))))))).))))))....((....))))))))....)).))))..)).)))....(((((..((((((..........))))))......((((((((....)))))))).))))).)))).))))..)))).. ) )
( 7.00306e+55 , ( ( [][[_[_[[][_[[]_]]]_]_][_[[_[_[]_]_][[[_[_[_[]_]]]_][]][[][[]_]][_[]_]]_]] , -12218 ) , ......((.....)).......(((((((.((((..((((((((((....)))))((((.(((((.......))).))))))...)))))..)))).)))((((...((((.(((((...(((.((.........)).))).))))).((((((.(((((((...((.((((.....((((((.....))))))..)))))))).)))))....((....))))))))((((((..((........)).........(((((((...))))).)))))))).....((..(((......)))..)).......)))).))))..)))).. ) )
