Answer: 
( 8.19662e+56 , ( ( [][[_[_[[][_[[]_]]]_]_][[_[_[_[_[[_[_[[[_[_[_[]_]]_][_[]_]]_]_]_][]]_]_]_]]_]] , -12614 ) , .....((.......))......(((((((.((((..((((((((((....)))))((((.((((((.....)))).))))))...)))))..)))).)))...(((((((((.(((((..(.((((.((((((...(((...((((((((((....(((((....(.(((((.....((((((.....))))))..))))))..)))))((((..((((....))))....))))............))))))).....))).))).)))...((((((......))))))....))).))))..)..)))))).)))))))).)))).. ) )
( 8.19662e+56 , ( ( [_[]_][[_[_[[][_[[]_]]]_]_][_[[_[_[_[[][[_[_[_[]_]]_][]]]_]_]_][[][_[]_]]]_]] , -12912 ) , ...(.(((.....))).)....(((((((.((((..((((((((((....)))))((((.((((((.....)))).))))))...)))))..)))).)))((((...(((((((.((..((((..((.....((...........)).((((((.((((((...(((.((((.....((((((.....))))))..))))))).))))))....((....))))))))....)).))))..)).)))....(((((..(((((((........)))))))......((..((((....))))..)).))))).)))).))))..)))).. ) )
( 8.19662e+56 , ( ( [[_[_[_[_[_[[_[[]_]_][[[_[_[[[]_]_]]]_][_[[[_[_[]_]]_][]]]]]]_]_]_]_][_[_[_[]_]_]_]] , -12210 ) , ......................((((((((((((...(((((...(...(((.((((.(((.((((....(((((....))..))).)))).(((((((((.((.(((((((((....))).)).))))))))).))..........((((((.(((((((((....(((((.....(((((.......)))))..)))))))).))))((........))))))))))))))....))))))).))).)..))))).)))))))(((((...(((.....((...(((((((......)))))))..))..)))..))))).))))).. ) )
( 8.19662e+56 , ( ( [[_[_[[][_[[]_]]]_]_][_[[_[_[_[[_[]][[[_[_[]_]_]_][]]]_]_]_][[][]]]_]] , -12867 ) , ......................(((((((.((((..((((((((((....)))))((((.((((((.....)))).))))))...)))))..)))).)))((((...((((((..((..((((..((...(.((.......)))...(((((((.((((((((.....((((.....(((((.......)))))..)))).))).)))))....((....)))))))))...)).))))..))..)).....((((..(((((((........)))))))......((((((((....)))))))).))))..)))).))))..)))).. ) )
( 8.19662e+56 , ( ( [[]_][[[_[]_][[_[_[[_[[[_[_[[[]_]_]]]_][[[_[_[]_]]_][]]]_][]]_]]_]][_[_[_[_[]_]_]_]_]] , -12122 ) , ....((((.....))).)....(((((((((..((((((...((((((((...)))))))).))))))....(((((..(((((..(..(..((((((((((.(.(((((((((....))).)).))))))))).))..........(((((((.((((((((....(((((.....((((((.....))))))..)))))))).))))).....(....).)))))))))))..).((......)))..))))))))).))))..((((...(((...((.....((..(((......)))..))...)).)))..)))).)))))).. ) )
( 8.19662e+56 , ( ( [[_[_[_[_[[_[[]_]][_[_[[_[_[[[]_]_]]][[[_[_[]_]]_][]]]_]_]]]_]_]][_[_[_[_[]_]]_]_]] , -12547 ) , ......................((((((((((((..((((((...(((...(.((((((.((((((.....)))).)))))).(((...(..((((((((((.(.(((((((((....))).)).)))))))))).............(((((..((((((((....(((((.....((((((.....))))))..)))))))).)))))....((....)).))))))))))..).))))))...)))...)))))))))))))(((((...(((...((..((.(((((((......))))))).)))).)))..))))).))))).. ) )
( 8.19662e+56 , ( ( [[_[_[_[_[[_[[]_]_][[[_[_[[[]_]_]]]_][[[_[_[]_]]_][]]]]]_]_]][_[_[_[]_]_]_]] , -12740 ) , ......................((((((((((((..((((((.......(((.((((.((((((((....(((((....))..))).)))).((((((((((.(.(((((((((....))).)).))))))))).)............((((((.((((((((....(((((.....(((((.......)))))..))))))).))))))((....))....)))))))))))...)))))))).)))....)))))))))))))(((((...(((...((.....((((((((....))))))))...)).)))..))))).))))).. ) )
( 8.19662e+56 , ( ( [][[_[_[[][_[[]_]]]_]_][_[_[_[_[_[[_[_[_[[[[_[_[]_]]_][_[]_]]_]_]]_][]]_]_]_]]_]] , -12298 ) , ......(....)..........(((((((.((((..((((((((((....)))))((((.((((((.....)))).))))))...)))))..)))).)))((((...((((..(((((..(.((((.((((((..(.(((....(((((((((..((((((((....(((((.....((((((.....))))))..))))))).))))))(((..((.........))...)))...........)).))))))).....))))...)))...(((((........)))))....))).))))..)..))))))))).))))..)))).. ) )
( 8.19662e+56 , ( ( [][[_[_[[][_[[]_]]]_]_][_[[_[_[_[[][[[_[_[]_]]_][]]]_]_]_][[][_[]_]]]_]] , -12728 ) , ......(..............)(((((((.((((..((((((((((....)))))((((.((((((.....)))).))))))...)))))..)))).)))((((...(((((((.((..((((..((.....(((.........))).(((((..((((((((....(((((.....((((((.....))))))..)))))))).)))))....((....)).)))))....)).))))..)).))).....(((...(((((((........)))))))......((..((((....))))..))..)))..)))).))))..)))).. ) )
( 8.19662e+56 , ( ( [[_[_[[][_[_[]_]_]]_]_][_[[_[_[_[[][[[_[_[]_]]_][]]]_]_]_][[][]]]]] , -11983 ) , ......................(((((((.((((..(((((.((((....)))).((((.(.((((.....)))).).))))...)))))..)))).)))((((..((((((((.((..((((..((.....(((.........))).((((((.((((((((....(((((.....((((.........))))..)))))))).)))))....((....))))))))....)).))))..)).))).....(((...(((((((........)))))))......((((((((....))))))))..)))..)))))))))..)))).. ) )
