Answer: 
( -1110 , [[..{{{]].....}}}...[[[[.............{{{{]]]]..<<<<..}}}}.....>>>>........ )
( -1110 , [[..{{{]].....}}}...[[[[.............{{{{]]]]..<<<<..}}}}.....>>>>........ )
